12:39:31 **** Clean-only build of configuration Debug for project OLEDTest ****
make -j4 clean 
rm -rf *
 
12:39:32 **** Build of configuration Debug for project OLEDTest ****
make -j4 all 
arm-none-eabi-gcc -mcpu=cortex-m3 -g3 -c -I../ -x assembler-with-cpp --specs=nano.specs -mfloat-abi=soft -mthumb -o "Startup/startup_stm32f103c8tx.o" "../Startup/startup_stm32f103c8tx.s"
arm-none-eabi-gcc "../Src/BME280.c" -mcpu=cortex-m3 -std=gnu11 -g3 -DUSE_HAL_DRIVER -DSTM32F103xB -DDEBUG -c -I../Inc -I../Drivers/CMSIS/Device/ST/STM32F1xx/Include -I../Drivers/CMSIS/Include -I../Drivers/STM32F1xx_HAL_Driver/Inc/Legacy -I../Drivers/STM32F1xx_HAL_Driver/Inc -O0 -ffunction-sections -fdata-sections -Wall -fstack-usage -MMD -MP -MF"Src/BME280.d" -MT"Src/BME280.o" --specs=nano.specs -mfloat-abi=soft -mthumb -o "Src/BME280.o"
arm-none-eabi-gcc "../Src/ds18b20.c" -mcpu=cortex-m3 -std=gnu11 -g3 -DUSE_HAL_DRIVER -DSTM32F103xB -DDEBUG -c -I../Inc -I../Drivers/CMSIS/Device/ST/STM32F1xx/Include -I../Drivers/CMSIS/Include -I../Drivers/STM32F1xx_HAL_Driver/Inc/Legacy -I../Drivers/STM32F1xx_HAL_Driver/Inc -O0 -ffunction-sections -fdata-sections -Wall -fstack-usage -MMD -MP -MF"Src/ds18b20.d" -MT"Src/ds18b20.o" --specs=nano.specs -mfloat-abi=soft -mthumb -o "Src/ds18b20.o"
arm-none-eabi-gcc "../Src/fonts.c" -mcpu=cortex-m3 -std=gnu11 -g3 -DUSE_HAL_DRIVER -DSTM32F103xB -DDEBUG -c -I../Inc -I../Drivers/CMSIS/Device/ST/STM32F1xx/Include -I../Drivers/CMSIS/Include -I../Drivers/STM32F1xx_HAL_Driver/Inc/Legacy -I../Drivers/STM32F1xx_HAL_Driver/Inc -O0 -ffunction-sections -fdata-sections -Wall -fstack-usage -MMD -MP -MF"Src/fonts.d" -MT"Src/fonts.o" --specs=nano.specs -mfloat-abi=soft -mthumb -o "Src/fonts.o"
arm-none-eabi-gcc "../Src/main.c" -mcpu=cortex-m3 -std=gnu11 -g3 -DUSE_HAL_DRIVER -DSTM32F103xB -DDEBUG -c -I../Inc -I../Drivers/CMSIS/Device/ST/STM32F1xx/Include -I../Drivers/CMSIS/Include -I../Drivers/STM32F1xx_HAL_Driver/Inc/Legacy -I../Drivers/STM32F1xx_HAL_Driver/Inc -O0 -ffunction-sections -fdata-sections -Wall -fstack-usage -MMD -MP -MF"Src/main.d" -MT"Src/main.o" --specs=nano.specs -mfloat-abi=soft -mthumb -o "Src/main.o"
../Src/ds18b20.c: In function 'ds18b20_start_convert':
../Src/ds18b20.c:59:5: warning: implicit declaration of function 'OW_Send' [-Wimplicit-function-declaration]
     OW_Send(OW_SEND_RESET, send_buf, sizeof(send_buf));
     ^~~~~~~
../Src/main.c: In function 'main':
../Src/main.c:269:14: warning: pointer targets in passing argument 1 of 'sprintf' differ in signedness [-Wpointer-sign]
      sprintf(str1,"%4.2f ",ds18_sensors[0].temp);
              ^~~~
In file included from ../Inc/main.h:64:0,
                 from ../Src/main.c:22:
d:\programs\stm32cubeide_1.0.2\stm32cubeide\plugins\com.st.stm32cube.ide.mcu.externaltools.gnu-tools-for-stm32.7-2018-q2-update.win32_1.0.0.201904181610\tools\arm-none-eabi\include\stdio.h:244:5: note: expected 'char * restrict' but argument is of type 'uint8_t * {aka unsigned char *}'
 int sprintf (char *__restrict, const char *__restrict, ...)
     ^~~~~~~
../Src/main.c:271:20: warning: pointer targets in passing argument 1 of 'SSD1306_Puts' differ in signedness [-Wpointer-sign]
      SSD1306_Puts (str1, &Font_11x18, 1);
                    ^~~~
In file included from ../Src/main.c:27:0:
../Inc/ssd1306.h:151:6: note: expected 'char *' but argument is of type 'uint8_t * {aka unsigned char *}'
 char SSD1306_Puts(char* str, FontDef_t* Font, SSD1306_COLOR_t color);
      ^~~~~~~~~~~~
../Src/main.c:273:11: warning: pointer targets in passing argument 1 of 'sprintf' differ in signedness [-Wpointer-sign]
   sprintf(str1,"%4.2f ",ds18_sensors[1].temp);
           ^~~~
In file included from ../Inc/main.h:64:0,
                 from ../Src/main.c:22:
d:\programs\stm32cubeide_1.0.2\stm32cubeide\plugins\com.st.stm32cube.ide.mcu.externaltools.gnu-tools-for-stm32.7-2018-q2-update.win32_1.0.0.201904181610\tools\arm-none-eabi\include\stdio.h:244:5: note: expected 'char * restrict' but argument is of type 'uint8_t * {aka unsigned char *}'
 int sprintf (char *__restrict, const char *__restrict, ...)
     ^~~~~~~
../Src/main.c:275:17: warning: pointer targets in passing argument 1 of 'SSD1306_Puts' differ in signedness [-Wpointer-sign]
   SSD1306_Puts (str1, &Font_11x18, 1);
                 ^~~~
In file included from ../Src/main.c:27:0:
../Inc/ssd1306.h:151:6: note: expected 'char *' but argument is of type 'uint8_t * {aka unsigned char *}'
 char SSD1306_Puts(char* str, FontDef_t* Font, SSD1306_COLOR_t color);
      ^~~~~~~~~~~~
../Src/main.c:277:14: warning: pointer targets in passing argument 1 of 'sprintf' differ in signedness [-Wpointer-sign]
      sprintf(str1,"%4.2f ",ds18_sensors[2].temp);
              ^~~~
In file included from ../Inc/main.h:64:0,
                 from ../Src/main.c:22:
d:\programs\stm32cubeide_1.0.2\stm32cubeide\plugins\com.st.stm32cube.ide.mcu.externaltools.gnu-tools-for-stm32.7-2018-q2-update.win32_1.0.0.201904181610\tools\arm-none-eabi\include\stdio.h:244:5: note: expected 'char * restrict' but argument is of type 'uint8_t * {aka unsigned char *}'
 int sprintf (char *__restrict, const char *__restrict, ...)
     ^~~~~~~
../Src/main.c:279:17: warning: pointer targets in passing argument 1 of 'SSD1306_Puts' differ in signedness [-Wpointer-sign]
   SSD1306_Puts (str1, &Font_11x18, 1);
                 ^~~~
In file included from ../Src/main.c:27:0:
../Inc/ssd1306.h:151:6: note: expected 'char *' but argument is of type 'uint8_t * {aka unsigned char *}'
 char SSD1306_Puts(char* str, FontDef_t* Font, SSD1306_COLOR_t color);
      ^~~~~~~~~~~~
../Src/main.c:281:11: warning: pointer targets in passing argument 1 of 'sprintf' differ in signedness [-Wpointer-sign]
   sprintf(str1,"%4.2f ",ds18_sensors[3].temp);
           ^~~~
In file included from ../Inc/main.h:64:0,
                 from ../Src/main.c:22:
d:\programs\stm32cubeide_1.0.2\stm32cubeide\plugins\com.st.stm32cube.ide.mcu.externaltools.gnu-tools-for-stm32.7-2018-q2-update.win32_1.0.0.201904181610\tools\arm-none-eabi\include\stdio.h:244:5: note: expected 'char * restrict' but argument is of type 'uint8_t * {aka unsigned char *}'
 int sprintf (char *__restrict, const char *__restrict, ...)
     ^~~~~~~
../Src/main.c:283:17: warning: pointer targets in passing argument 1 of 'SSD1306_Puts' differ in signedness [-Wpointer-sign]
   SSD1306_Puts (str1, &Font_11x18, 1);
                 ^~~~
In file included from ../Src/main.c:27:0:
../Inc/ssd1306.h:151:6: note: expected 'char *' but argument is of type 'uint8_t * {aka unsigned char *}'
 char SSD1306_Puts(char* str, FontDef_t* Font, SSD1306_COLOR_t color);
      ^~~~~~~~~~~~
../Src/main.c:288:12: warning: pointer targets in passing argument 1 of 'sprintf' differ in signedness [-Wpointer-sign]
    sprintf(str1,"%.2f'C %.2fmm    ",BME280_ReadTemperature(),BME280_ReadPressure()*0.000750061683f);
            ^~~~
In file included from ../Inc/main.h:64:0,
                 from ../Src/main.c:22:
d:\programs\stm32cubeide_1.0.2\stm32cubeide\plugins\com.st.stm32cube.ide.mcu.externaltools.gnu-tools-for-stm32.7-2018-q2-update.win32_1.0.0.201904181610\tools\arm-none-eabi\include\stdio.h:244:5: note: expected 'char * restrict' but argument is of type 'uint8_t * {aka unsigned char *}'
 int sprintf (char *__restrict, const char *__restrict, ...)
     ^~~~~~~
../Src/main.c:290:18: warning: pointer targets in passing argument 1 of 'SSD1306_Puts' differ in signedness [-Wpointer-sign]
    SSD1306_Puts (str1, &Font_7x10, 1);
                  ^~~~
In file included from ../Src/main.c:27:0:
../Inc/ssd1306.h:151:6: note: expected 'char *' but argument is of type 'uint8_t * {aka unsigned char *}'
 char SSD1306_Puts(char* str, FontDef_t* Font, SSD1306_COLOR_t color);
      ^~~~~~~~~~~~
../Src/main.c:291:12: warning: pointer targets in passing argument 1 of 'sprintf' differ in signedness [-Wpointer-sign]
    sprintf(str1,"%.1f%%     ",BME280_ReadHumidity());
            ^~~~
In file included from ../Inc/main.h:64:0,
                 from ../Src/main.c:22:
d:\programs\stm32cubeide_1.0.2\stm32cubeide\plugins\com.st.stm32cube.ide.mcu.externaltools.gnu-tools-for-stm32.7-2018-q2-update.win32_1.0.0.201904181610\tools\arm-none-eabi\include\stdio.h:244:5: note: expected 'char * restrict' but argument is of type 'uint8_t * {aka unsigned char *}'
 int sprintf (char *__restrict, const char *__restrict, ...)
     ^~~~~~~
../Src/main.c:293:18: warning: pointer targets in passing argument 1 of 'SSD1306_Puts' differ in signedness [-Wpointer-sign]
    SSD1306_Puts (str1, &Font_7x10, 1);
                  ^~~~
In file included from ../Src/main.c:27:0:
../Inc/ssd1306.h:151:6: note: expected 'char *' but argument is of type 'uint8_t * {aka unsigned char *}'
 char SSD1306_Puts(char* str, FontDef_t* Font, SSD1306_COLOR_t color);
      ^~~~~~~~~~~~
arm-none-eabi-gcc "../Src/onewire.c" -mcpu=cortex-m3 -std=gnu11 -g3 -DUSE_HAL_DRIVER -DSTM32F103xB -DDEBUG -c -I../Inc -I../Drivers/CMSIS/Device/ST/STM32F1xx/Include -I../Drivers/CMSIS/Include -I../Drivers/STM32F1xx_HAL_Driver/Inc/Legacy -I../Drivers/STM32F1xx_HAL_Driver/Inc -O0 -ffunction-sections -fdata-sections -Wall -fstack-usage -MMD -MP -MF"Src/onewire.d" -MT"Src/onewire.o" --specs=nano.specs -mfloat-abi=soft -mthumb -o "Src/onewire.o"
arm-none-eabi-gcc "../Src/ssd1306.c" -mcpu=cortex-m3 -std=gnu11 -g3 -DUSE_HAL_DRIVER -DSTM32F103xB -DDEBUG -c -I../Inc -I../Drivers/CMSIS/Device/ST/STM32F1xx/Include -I../Drivers/CMSIS/Include -I../Drivers/STM32F1xx_HAL_Driver/Inc/Legacy -I../Drivers/STM32F1xx_HAL_Driver/Inc -O0 -ffunction-sections -fdata-sections -Wall -fstack-usage -MMD -MP -MF"Src/ssd1306.d" -MT"Src/ssd1306.o" --specs=nano.specs -mfloat-abi=soft -mthumb -o "Src/ssd1306.o"
arm-none-eabi-gcc "../Src/stm32f1xx_hal_msp.c" -mcpu=cortex-m3 -std=gnu11 -g3 -DUSE_HAL_DRIVER -DSTM32F103xB -DDEBUG -c -I../Inc -I../Drivers/CMSIS/Device/ST/STM32F1xx/Include -I../Drivers/CMSIS/Include -I../Drivers/STM32F1xx_HAL_Driver/Inc/Legacy -I../Drivers/STM32F1xx_HAL_Driver/Inc -O0 -ffunction-sections -fdata-sections -Wall -fstack-usage -MMD -MP -MF"Src/stm32f1xx_hal_msp.d" -MT"Src/stm32f1xx_hal_msp.o" --specs=nano.specs -mfloat-abi=soft -mthumb -o "Src/stm32f1xx_hal_msp.o"
arm-none-eabi-gcc "../Src/stm32f1xx_it.c" -mcpu=cortex-m3 -std=gnu11 -g3 -DUSE_HAL_DRIVER -DSTM32F103xB -DDEBUG -c -I../Inc -I../Drivers/CMSIS/Device/ST/STM32F1xx/Include -I../Drivers/CMSIS/Include -I../Drivers/STM32F1xx_HAL_Driver/Inc/Legacy -I../Drivers/STM32F1xx_HAL_Driver/Inc -O0 -ffunction-sections -fdata-sections -Wall -fstack-usage -MMD -MP -MF"Src/stm32f1xx_it.d" -MT"Src/stm32f1xx_it.o" --specs=nano.specs -mfloat-abi=soft -mthumb -o "Src/stm32f1xx_it.o"
../Src/onewire.c: In function 'OW_Send':
../Src/onewire.c:141:5: warning: implicit declaration of function 'memcpy' [-Wimplicit-function-declaration]
     memcpy(data,command,cLen);
     ^~~~~~
../Src/onewire.c:141:5: warning: incompatible implicit declaration of built-in function 'memcpy'
../Src/onewire.c:141:5: note: include '<string.h>' or provide a declaration of 'memcpy'
../Src/onewire.c: In function 'OW_Search2':
../Src/onewire.c:201:13: warning: unused variable 'cmd' [-Wunused-variable]
     uint8_t cmd;
             ^~~
../Src/onewire.c: In function 'OW_Send':
../Src/onewire.c:152:1: warning: control reaches end of non-void function [-Wreturn-type]
 }
 ^
arm-none-eabi-gcc "../Src/syscalls.c" -mcpu=cortex-m3 -std=gnu11 -g3 -DUSE_HAL_DRIVER -DSTM32F103xB -DDEBUG -c -I../Inc -I../Drivers/CMSIS/Device/ST/STM32F1xx/Include -I../Drivers/CMSIS/Include -I../Drivers/STM32F1xx_HAL_Driver/Inc/Legacy -I../Drivers/STM32F1xx_HAL_Driver/Inc -O0 -ffunction-sections -fdata-sections -Wall -fstack-usage -MMD -MP -MF"Src/syscalls.d" -MT"Src/syscalls.o" --specs=nano.specs -mfloat-abi=soft -mthumb -o "Src/syscalls.o"
arm-none-eabi-gcc "../Src/sysmem.c" -mcpu=cortex-m3 -std=gnu11 -g3 -DUSE_HAL_DRIVER -DSTM32F103xB -DDEBUG -c -I../Inc -I../Drivers/CMSIS/Device/ST/STM32F1xx/Include -I../Drivers/CMSIS/Include -I../Drivers/STM32F1xx_HAL_Driver/Inc/Legacy -I../Drivers/STM32F1xx_HAL_Driver/Inc -O0 -ffunction-sections -fdata-sections -Wall -fstack-usage -MMD -MP -MF"Src/sysmem.d" -MT"Src/sysmem.o" --specs=nano.specs -mfloat-abi=soft -mthumb -o "Src/sysmem.o"
arm-none-eabi-gcc "../Src/system_stm32f1xx.c" -mcpu=cortex-m3 -std=gnu11 -g3 -DUSE_HAL_DRIVER -DSTM32F103xB -DDEBUG -c -I../Inc -I../Drivers/CMSIS/Device/ST/STM32F1xx/Include -I../Drivers/CMSIS/Include -I../Drivers/STM32F1xx_HAL_Driver/Inc/Legacy -I../Drivers/STM32F1xx_HAL_Driver/Inc -O0 -ffunction-sections -fdata-sections -Wall -fstack-usage -MMD -MP -MF"Src/system_stm32f1xx.d" -MT"Src/system_stm32f1xx.o" --specs=nano.specs -mfloat-abi=soft -mthumb -o "Src/system_stm32f1xx.o"
arm-none-eabi-gcc "../Src/test.c" -mcpu=cortex-m3 -std=gnu11 -g3 -DUSE_HAL_DRIVER -DSTM32F103xB -DDEBUG -c -I../Inc -I../Drivers/CMSIS/Device/ST/STM32F1xx/Include -I../Drivers/CMSIS/Include -I../Drivers/STM32F1xx_HAL_Driver/Inc/Legacy -I../Drivers/STM32F1xx_HAL_Driver/Inc -O0 -ffunction-sections -fdata-sections -Wall -fstack-usage -MMD -MP -MF"Src/test.d" -MT"Src/test.o" --specs=nano.specs -mfloat-abi=soft -mthumb -o "Src/test.o"
arm-none-eabi-gcc "../Drivers/STM32F1xx_HAL_Driver/Src/stm32f1xx_hal.c" -mcpu=cortex-m3 -std=gnu11 -g3 -DUSE_HAL_DRIVER -DSTM32F103xB -DDEBUG -c -I../Inc -I../Drivers/CMSIS/Device/ST/STM32F1xx/Include -I../Drivers/CMSIS/Include -I../Drivers/STM32F1xx_HAL_Driver/Inc/Legacy -I../Drivers/STM32F1xx_HAL_Driver/Inc -O0 -ffunction-sections -fdata-sections -Wall -fstack-usage -MMD -MP -MF"Drivers/STM32F1xx_HAL_Driver/Src/stm32f1xx_hal.d" -MT"Drivers/STM32F1xx_HAL_Driver/Src/stm32f1xx_hal.o" --specs=nano.specs -mfloat-abi=soft -mthumb -o "Drivers/STM32F1xx_HAL_Driver/Src/stm32f1xx_hal.o"
arm-none-eabi-gcc "../Drivers/STM32F1xx_HAL_Driver/Src/stm32f1xx_hal_cortex.c" -mcpu=cortex-m3 -std=gnu11 -g3 -DUSE_HAL_DRIVER -DSTM32F103xB -DDEBUG -c -I../Inc -I../Drivers/CMSIS/Device/ST/STM32F1xx/Include -I../Drivers/CMSIS/Include -I../Drivers/STM32F1xx_HAL_Driver/Inc/Legacy -I../Drivers/STM32F1xx_HAL_Driver/Inc -O0 -ffunction-sections -fdata-sections -Wall -fstack-usage -MMD -MP -MF"Drivers/STM32F1xx_HAL_Driver/Src/stm32f1xx_hal_cortex.d" -MT"Drivers/STM32F1xx_HAL_Driver/Src/stm32f1xx_hal_cortex.o" --specs=nano.specs -mfloat-abi=soft -mthumb -o "Drivers/STM32F1xx_HAL_Driver/Src/stm32f1xx_hal_cortex.o"
arm-none-eabi-gcc "../Drivers/STM32F1xx_HAL_Driver/Src/stm32f1xx_hal_dma.c" -mcpu=cortex-m3 -std=gnu11 -g3 -DUSE_HAL_DRIVER -DSTM32F103xB -DDEBUG -c -I../Inc -I../Drivers/CMSIS/Device/ST/STM32F1xx/Include -I../Drivers/CMSIS/Include -I../Drivers/STM32F1xx_HAL_Driver/Inc/Legacy -I../Drivers/STM32F1xx_HAL_Driver/Inc -O0 -ffunction-sections -fdata-sections -Wall -fstack-usage -MMD -MP -MF"Drivers/STM32F1xx_HAL_Driver/Src/stm32f1xx_hal_dma.d" -MT"Drivers/STM32F1xx_HAL_Driver/Src/stm32f1xx_hal_dma.o" --specs=nano.specs -mfloat-abi=soft -mthumb -o "Drivers/STM32F1xx_HAL_Driver/Src/stm32f1xx_hal_dma.o"
arm-none-eabi-gcc "../Drivers/STM32F1xx_HAL_Driver/Src/stm32f1xx_hal_exti.c" -mcpu=cortex-m3 -std=gnu11 -g3 -DUSE_HAL_DRIVER -DSTM32F103xB -DDEBUG -c -I../Inc -I../Drivers/CMSIS/Device/ST/STM32F1xx/Include -I../Drivers/CMSIS/Include -I../Drivers/STM32F1xx_HAL_Driver/Inc/Legacy -I../Drivers/STM32F1xx_HAL_Driver/Inc -O0 -ffunction-sections -fdata-sections -Wall -fstack-usage -MMD -MP -MF"Drivers/STM32F1xx_HAL_Driver/Src/stm32f1xx_hal_exti.d" -MT"Drivers/STM32F1xx_HAL_Driver/Src/stm32f1xx_hal_exti.o" --specs=nano.specs -mfloat-abi=soft -mthumb -o "Drivers/STM32F1xx_HAL_Driver/Src/stm32f1xx_hal_exti.o"
arm-none-eabi-gcc "../Drivers/STM32F1xx_HAL_Driver/Src/stm32f1xx_hal_flash.c" -mcpu=cortex-m3 -std=gnu11 -g3 -DUSE_HAL_DRIVER -DSTM32F103xB -DDEBUG -c -I../Inc -I../Drivers/CMSIS/Device/ST/STM32F1xx/Include -I../Drivers/CMSIS/Include -I../Drivers/STM32F1xx_HAL_Driver/Inc/Legacy -I../Drivers/STM32F1xx_HAL_Driver/Inc -O0 -ffunction-sections -fdata-sections -Wall -fstack-usage -MMD -MP -MF"Drivers/STM32F1xx_HAL_Driver/Src/stm32f1xx_hal_flash.d" -MT"Drivers/STM32F1xx_HAL_Driver/Src/stm32f1xx_hal_flash.o" --specs=nano.specs -mfloat-abi=soft -mthumb -o "Drivers/STM32F1xx_HAL_Driver/Src/stm32f1xx_hal_flash.o"
arm-none-eabi-gcc "../Drivers/STM32F1xx_HAL_Driver/Src/stm32f1xx_hal_flash_ex.c" -mcpu=cortex-m3 -std=gnu11 -g3 -DUSE_HAL_DRIVER -DSTM32F103xB -DDEBUG -c -I../Inc -I../Drivers/CMSIS/Device/ST/STM32F1xx/Include -I../Drivers/CMSIS/Include -I../Drivers/STM32F1xx_HAL_Driver/Inc/Legacy -I../Drivers/STM32F1xx_HAL_Driver/Inc -O0 -ffunction-sections -fdata-sections -Wall -fstack-usage -MMD -MP -MF"Drivers/STM32F1xx_HAL_Driver/Src/stm32f1xx_hal_flash_ex.d" -MT"Drivers/STM32F1xx_HAL_Driver/Src/stm32f1xx_hal_flash_ex.o" --specs=nano.specs -mfloat-abi=soft -mthumb -o "Drivers/STM32F1xx_HAL_Driver/Src/stm32f1xx_hal_flash_ex.o"
arm-none-eabi-gcc "../Drivers/STM32F1xx_HAL_Driver/Src/stm32f1xx_hal_gpio.c" -mcpu=cortex-m3 -std=gnu11 -g3 -DUSE_HAL_DRIVER -DSTM32F103xB -DDEBUG -c -I../Inc -I../Drivers/CMSIS/Device/ST/STM32F1xx/Include -I../Drivers/CMSIS/Include -I../Drivers/STM32F1xx_HAL_Driver/Inc/Legacy -I../Drivers/STM32F1xx_HAL_Driver/Inc -O0 -ffunction-sections -fdata-sections -Wall -fstack-usage -MMD -MP -MF"Drivers/STM32F1xx_HAL_Driver/Src/stm32f1xx_hal_gpio.d" -MT"Drivers/STM32F1xx_HAL_Driver/Src/stm32f1xx_hal_gpio.o" --specs=nano.specs -mfloat-abi=soft -mthumb -o "Drivers/STM32F1xx_HAL_Driver/Src/stm32f1xx_hal_gpio.o"
arm-none-eabi-gcc "../Drivers/STM32F1xx_HAL_Driver/Src/stm32f1xx_hal_gpio_ex.c" -mcpu=cortex-m3 -std=gnu11 -g3 -DUSE_HAL_DRIVER -DSTM32F103xB -DDEBUG -c -I../Inc -I../Drivers/CMSIS/Device/ST/STM32F1xx/Include -I../Drivers/CMSIS/Include -I../Drivers/STM32F1xx_HAL_Driver/Inc/Legacy -I../Drivers/STM32F1xx_HAL_Driver/Inc -O0 -ffunction-sections -fdata-sections -Wall -fstack-usage -MMD -MP -MF"Drivers/STM32F1xx_HAL_Driver/Src/stm32f1xx_hal_gpio_ex.d" -MT"Drivers/STM32F1xx_HAL_Driver/Src/stm32f1xx_hal_gpio_ex.o" --specs=nano.specs -mfloat-abi=soft -mthumb -o "Drivers/STM32F1xx_HAL_Driver/Src/stm32f1xx_hal_gpio_ex.o"
arm-none-eabi-gcc "../Drivers/STM32F1xx_HAL_Driver/Src/stm32f1xx_hal_i2c.c" -mcpu=cortex-m3 -std=gnu11 -g3 -DUSE_HAL_DRIVER -DSTM32F103xB -DDEBUG -c -I../Inc -I../Drivers/CMSIS/Device/ST/STM32F1xx/Include -I../Drivers/CMSIS/Include -I../Drivers/STM32F1xx_HAL_Driver/Inc/Legacy -I../Drivers/STM32F1xx_HAL_Driver/Inc -O0 -ffunction-sections -fdata-sections -Wall -fstack-usage -MMD -MP -MF"Drivers/STM32F1xx_HAL_Driver/Src/stm32f1xx_hal_i2c.d" -MT"Drivers/STM32F1xx_HAL_Driver/Src/stm32f1xx_hal_i2c.o" --specs=nano.specs -mfloat-abi=soft -mthumb -o "Drivers/STM32F1xx_HAL_Driver/Src/stm32f1xx_hal_i2c.o"
arm-none-eabi-gcc "../Drivers/STM32F1xx_HAL_Driver/Src/stm32f1xx_hal_pwr.c" -mcpu=cortex-m3 -std=gnu11 -g3 -DUSE_HAL_DRIVER -DSTM32F103xB -DDEBUG -c -I../Inc -I../Drivers/CMSIS/Device/ST/STM32F1xx/Include -I../Drivers/CMSIS/Include -I../Drivers/STM32F1xx_HAL_Driver/Inc/Legacy -I../Drivers/STM32F1xx_HAL_Driver/Inc -O0 -ffunction-sections -fdata-sections -Wall -fstack-usage -MMD -MP -MF"Drivers/STM32F1xx_HAL_Driver/Src/stm32f1xx_hal_pwr.d" -MT"Drivers/STM32F1xx_HAL_Driver/Src/stm32f1xx_hal_pwr.o" --specs=nano.specs -mfloat-abi=soft -mthumb -o "Drivers/STM32F1xx_HAL_Driver/Src/stm32f1xx_hal_pwr.o"
arm-none-eabi-gcc "../Drivers/STM32F1xx_HAL_Driver/Src/stm32f1xx_hal_rcc.c" -mcpu=cortex-m3 -std=gnu11 -g3 -DUSE_HAL_DRIVER -DSTM32F103xB -DDEBUG -c -I../Inc -I../Drivers/CMSIS/Device/ST/STM32F1xx/Include -I../Drivers/CMSIS/Include -I../Drivers/STM32F1xx_HAL_Driver/Inc/Legacy -I../Drivers/STM32F1xx_HAL_Driver/Inc -O0 -ffunction-sections -fdata-sections -Wall -fstack-usage -MMD -MP -MF"Drivers/STM32F1xx_HAL_Driver/Src/stm32f1xx_hal_rcc.d" -MT"Drivers/STM32F1xx_HAL_Driver/Src/stm32f1xx_hal_rcc.o" --specs=nano.specs -mfloat-abi=soft -mthumb -o "Drivers/STM32F1xx_HAL_Driver/Src/stm32f1xx_hal_rcc.o"
arm-none-eabi-gcc "../Drivers/STM32F1xx_HAL_Driver/Src/stm32f1xx_hal_rcc_ex.c" -mcpu=cortex-m3 -std=gnu11 -g3 -DUSE_HAL_DRIVER -DSTM32F103xB -DDEBUG -c -I../Inc -I../Drivers/CMSIS/Device/ST/STM32F1xx/Include -I../Drivers/CMSIS/Include -I../Drivers/STM32F1xx_HAL_Driver/Inc/Legacy -I../Drivers/STM32F1xx_HAL_Driver/Inc -O0 -ffunction-sections -fdata-sections -Wall -fstack-usage -MMD -MP -MF"Drivers/STM32F1xx_HAL_Driver/Src/stm32f1xx_hal_rcc_ex.d" -MT"Drivers/STM32F1xx_HAL_Driver/Src/stm32f1xx_hal_rcc_ex.o" --specs=nano.specs -mfloat-abi=soft -mthumb -o "Drivers/STM32F1xx_HAL_Driver/Src/stm32f1xx_hal_rcc_ex.o"
arm-none-eabi-gcc "../Drivers/STM32F1xx_HAL_Driver/Src/stm32f1xx_hal_spi.c" -mcpu=cortex-m3 -std=gnu11 -g3 -DUSE_HAL_DRIVER -DSTM32F103xB -DDEBUG -c -I../Inc -I../Drivers/CMSIS/Device/ST/STM32F1xx/Include -I../Drivers/CMSIS/Include -I../Drivers/STM32F1xx_HAL_Driver/Inc/Legacy -I../Drivers/STM32F1xx_HAL_Driver/Inc -O0 -ffunction-sections -fdata-sections -Wall -fstack-usage -MMD -MP -MF"Drivers/STM32F1xx_HAL_Driver/Src/stm32f1xx_hal_spi.d" -MT"Drivers/STM32F1xx_HAL_Driver/Src/stm32f1xx_hal_spi.o" --specs=nano.specs -mfloat-abi=soft -mthumb -o "Drivers/STM32F1xx_HAL_Driver/Src/stm32f1xx_hal_spi.o"
arm-none-eabi-gcc "../Drivers/STM32F1xx_HAL_Driver/Src/stm32f1xx_hal_tim.c" -mcpu=cortex-m3 -std=gnu11 -g3 -DUSE_HAL_DRIVER -DSTM32F103xB -DDEBUG -c -I../Inc -I../Drivers/CMSIS/Device/ST/STM32F1xx/Include -I../Drivers/CMSIS/Include -I../Drivers/STM32F1xx_HAL_Driver/Inc/Legacy -I../Drivers/STM32F1xx_HAL_Driver/Inc -O0 -ffunction-sections -fdata-sections -Wall -fstack-usage -MMD -MP -MF"Drivers/STM32F1xx_HAL_Driver/Src/stm32f1xx_hal_tim.d" -MT"Drivers/STM32F1xx_HAL_Driver/Src/stm32f1xx_hal_tim.o" --specs=nano.specs -mfloat-abi=soft -mthumb -o "Drivers/STM32F1xx_HAL_Driver/Src/stm32f1xx_hal_tim.o"
arm-none-eabi-gcc "../Drivers/STM32F1xx_HAL_Driver/Src/stm32f1xx_hal_tim_ex.c" -mcpu=cortex-m3 -std=gnu11 -g3 -DUSE_HAL_DRIVER -DSTM32F103xB -DDEBUG -c -I../Inc -I../Drivers/CMSIS/Device/ST/STM32F1xx/Include -I../Drivers/CMSIS/Include -I../Drivers/STM32F1xx_HAL_Driver/Inc/Legacy -I../Drivers/STM32F1xx_HAL_Driver/Inc -O0 -ffunction-sections -fdata-sections -Wall -fstack-usage -MMD -MP -MF"Drivers/STM32F1xx_HAL_Driver/Src/stm32f1xx_hal_tim_ex.d" -MT"Drivers/STM32F1xx_HAL_Driver/Src/stm32f1xx_hal_tim_ex.o" --specs=nano.specs -mfloat-abi=soft -mthumb -o "Drivers/STM32F1xx_HAL_Driver/Src/stm32f1xx_hal_tim_ex.o"
arm-none-eabi-gcc "../Drivers/STM32F1xx_HAL_Driver/Src/stm32f1xx_hal_uart.c" -mcpu=cortex-m3 -std=gnu11 -g3 -DUSE_HAL_DRIVER -DSTM32F103xB -DDEBUG -c -I../Inc -I../Drivers/CMSIS/Device/ST/STM32F1xx/Include -I../Drivers/CMSIS/Include -I../Drivers/STM32F1xx_HAL_Driver/Inc/Legacy -I../Drivers/STM32F1xx_HAL_Driver/Inc -O0 -ffunction-sections -fdata-sections -Wall -fstack-usage -MMD -MP -MF"Drivers/STM32F1xx_HAL_Driver/Src/stm32f1xx_hal_uart.d" -MT"Drivers/STM32F1xx_HAL_Driver/Src/stm32f1xx_hal_uart.o" --specs=nano.specs -mfloat-abi=soft -mthumb -o "Drivers/STM32F1xx_HAL_Driver/Src/stm32f1xx_hal_uart.o"
arm-none-eabi-gcc -o "OLEDTest.elf" @"objects.list"   -mcpu=cortex-m3 -T"D:\Documents\Projects\STMDistillery\OLEDTest\STM32F103C8TX_FLASH.ld" --specs=nosys.specs -Wl,-Map="OLEDTest.map" -Wl,--gc-sections -static --specs=nano.specs -mfloat-abi=soft -mthumb -u _printf_float -Wl,--start-group -lc -lm -Wl,--end-group
Finished building target: OLEDTest.elf
 
arm-none-eabi-size   OLEDTest.elf 
arm-none-eabi-objdump -h -S  OLEDTest.elf  > "OLEDTest.list"
arm-none-eabi-objcopy  -O binary  OLEDTest.elf  "OLEDTest.bin"
   text	   data	    bss	    dec	    hex	filename
  50128	    500	   3284	  53912	   d298	OLEDTest.elf
Finished building: default.size.stdout
 
Finished building: OLEDTest.bin
 
Finished building: OLEDTest.list
 
14:54:27 **** Incremental Build of configuration Debug for project OLEDTest ****
make -j4 all 
arm-none-eabi-size   OLEDTest.elf 
   text	   data	    bss	    dec	    hex	filename
  50128	    500	   3284	  53912	   d298	OLEDTest.elf
Finished building: default.size.stdout
 
14:55:19 **** Incremental Build of configuration Debug for project OLEDTest ****
make -j4 all 
arm-none-eabi-size   OLEDTest.elf 
   text	   data	    bss	    dec	    hex	filename
  50128	    500	   3284	  53912	   d298	OLEDTest.elf
Finished building: default.size.stdout
 
14:59:34 **** Incremental Build of configuration Debug for project OLEDTest ****
make -j4 all 
arm-none-eabi-size   OLEDTest.elf 
   text	   data	    bss	    dec	    hex	filename
  50128	    500	   3284	  53912	   d298	OLEDTest.elf
Finished building: default.size.stdout
 
15:02:52 **** Incremental Build of configuration Debug for project OLEDTest ****
make -j4 all 
arm-none-eabi-size   OLEDTest.elf 
   text	   data	    bss	    dec	    hex	filename
  50128	    500	   3284	  53912	   d298	OLEDTest.elf
Finished building: default.size.stdout
 
15:38:10 **** Incremental Build of configuration Debug for project OLEDTest ****
make -j4 all 
arm-none-eabi-gcc "../Src/ds18b20.c" -mcpu=cortex-m3 -std=gnu11 -g3 -DUSE_HAL_DRIVER -DSTM32F103xB -DDEBUG -c -I../Inc -I../Drivers/CMSIS/Device/ST/STM32F1xx/Include -I../Drivers/CMSIS/Include -I../Drivers/STM32F1xx_HAL_Driver/Inc/Legacy -I../Drivers/STM32F1xx_HAL_Driver/Inc -O0 -ffunction-sections -fdata-sections -Wall -fstack-usage -MMD -MP -MF"Src/ds18b20.d" -MT"Src/ds18b20.o" --specs=nano.specs -mfloat-abi=soft -mthumb -o "Src/ds18b20.o"
../Src/ds18b20.c:7:11: error: expected identifier or '(' before '=' token
 uint8_t   = 0;
           ^
../Src/ds18b20.c: In function 'ds18b20_start_convert':
../Src/ds18b20.c:59:5: warning: implicit declaration of function 'OW_Send' [-Wimplicit-function-declaration]
     OW_Send(OW_SEND_RESET, send_buf, sizeof(send_buf));
     ^~~~~~~
make: *** [Src/subdir.mk:53: Src/ds18b20.o] Error 1
"make -j4 all" terminated with exit code 2. Build might be incomplete.
15:38:42 **** Incremental Build of configuration Debug for project OLEDTest ****
make -j4 all 
arm-none-eabi-gcc "../Src/ds18b20.c" -mcpu=cortex-m3 -std=gnu11 -g3 -DUSE_HAL_DRIVER -DSTM32F103xB -DDEBUG -c -I../Inc -I../Drivers/CMSIS/Device/ST/STM32F1xx/Include -I../Drivers/CMSIS/Include -I../Drivers/STM32F1xx_HAL_Driver/Inc/Legacy -I../Drivers/STM32F1xx_HAL_Driver/Inc -O0 -ffunction-sections -fdata-sections -Wall -fstack-usage -MMD -MP -MF"Src/ds18b20.d" -MT"Src/ds18b20.o" --specs=nano.specs -mfloat-abi=soft -mthumb -o "Src/ds18b20.o"
../Src/ds18b20.c: In function 'ds18b20_start_convert':
../Src/ds18b20.c:59:5: warning: implicit declaration of function 'OW_Send' [-Wimplicit-function-declaration]
     OW_Send(OW_SEND_RESET, send_buf, sizeof(send_buf));
     ^~~~~~~
arm-none-eabi-gcc -o "OLEDTest.elf" @"objects.list"   -mcpu=cortex-m3 -T"D:\Documents\Projects\STMDistillery\OLEDTest\STM32F103C8TX_FLASH.ld" --specs=nosys.specs -Wl,-Map="OLEDTest.map" -Wl,--gc-sections -static --specs=nano.specs -mfloat-abi=soft -mthumb -u _printf_float -Wl,--start-group -lc -lm -Wl,--end-group
Finished building target: OLEDTest.elf
 
arm-none-eabi-objdump -h -S  OLEDTest.elf  > "OLEDTest.list"
arm-none-eabi-objcopy  -O binary  OLEDTest.elf  "OLEDTest.bin"
arm-none-eabi-size   OLEDTest.elf 
   text	   data	    bss	    dec	    hex	filename
  50128	    500	   3284	  53912	   d298	OLEDTest.elf
Finished building: default.size.stdout
Finished building: OLEDTest.bin
 
 
Finished building: OLEDTest.list
 
15:46:58 **** Incremental Build of configuration Debug for project OLEDTest ****
make -j4 all 
arm-none-eabi-gcc "../Src/ds18b20.c" -mcpu=cortex-m3 -std=gnu11 -g3 -DUSE_HAL_DRIVER -DSTM32F103xB -DDEBUG -c -I../Inc -I../Drivers/CMSIS/Device/ST/STM32F1xx/Include -I../Drivers/CMSIS/Include -I../Drivers/STM32F1xx_HAL_Driver/Inc/Legacy -I../Drivers/STM32F1xx_HAL_Driver/Inc -O0 -ffunction-sections -fdata-sections -Wall -fstack-usage -MMD -MP -MF"Src/ds18b20.d" -MT"Src/ds18b20.o" --specs=nano.specs -mfloat-abi=soft -mthumb -o "Src/ds18b20.o"
../Src/ds18b20.c: In function 'ds18b20_start_convert':
../Src/ds18b20.c:59:5: warning: implicit declaration of function 'OW_Send' [-Wimplicit-function-declaration]
     OW_Send(OW_SEND_RESET, send_buf, sizeof(send_buf));
     ^~~~~~~
arm-none-eabi-gcc -o "OLEDTest.elf" @"objects.list"   -mcpu=cortex-m3 -T"D:\Documents\Projects\STMDistillery\OLEDTest\STM32F103C8TX_FLASH.ld" --specs=nosys.specs -Wl,-Map="OLEDTest.map" -Wl,--gc-sections -static --specs=nano.specs -mfloat-abi=soft -mthumb -u _printf_float -Wl,--start-group -lc -lm -Wl,--end-group
Finished building target: OLEDTest.elf
 
arm-none-eabi-objdump -h -S  OLEDTest.elf  > "OLEDTest.list"
arm-none-eabi-objcopy  -O binary  OLEDTest.elf  "OLEDTest.bin"
arm-none-eabi-size   OLEDTest.elf 
   text	   data	    bss	    dec	    hex	filename
  50160	    500	   3284	  53944	   d2b8	OLEDTest.elf
Finished building: default.size.stdout
 
Finished building: OLEDTest.bin
 
Finished building: OLEDTest.list
 
15:47:54 **** Incremental Build of configuration Debug for project OLEDTest ****
make -j4 all 
arm-none-eabi-size   OLEDTest.elf 
   text	   data	    bss	    dec	    hex	filename
  50160	    500	   3284	  53944	   d2b8	OLEDTest.elf
Finished building: default.size.stdout
 
15:51:47 **** Incremental Build of configuration Debug for project OLEDTest ****
make -j4 all 
arm-none-eabi-gcc "../Src/ds18b20.c" -mcpu=cortex-m3 -std=gnu11 -g3 -DUSE_HAL_DRIVER -DSTM32F103xB -DDEBUG -c -I../Inc -I../Drivers/CMSIS/Device/ST/STM32F1xx/Include -I../Drivers/CMSIS/Include -I../Drivers/STM32F1xx_HAL_Driver/Inc/Legacy -I../Drivers/STM32F1xx_HAL_Driver/Inc -O0 -ffunction-sections -fdata-sections -Wall -fstack-usage -MMD -MP -MF"Src/ds18b20.d" -MT"Src/ds18b20.o" --specs=nano.specs -mfloat-abi=soft -mthumb -o "Src/ds18b20.o"
../Src/ds18b20.c: In function 'ds18b20_start_convert':
../Src/ds18b20.c:59:5: warning: implicit declaration of function 'OW_Send' [-Wimplicit-function-declaration]
     OW_Send(OW_SEND_RESET, send_buf, sizeof(send_buf));
     ^~~~~~~
arm-none-eabi-gcc -o "OLEDTest.elf" @"objects.list"   -mcpu=cortex-m3 -T"D:\Documents\Projects\STMDistillery\OLEDTest\STM32F103C8TX_FLASH.ld" --specs=nosys.specs -Wl,-Map="OLEDTest.map" -Wl,--gc-sections -static --specs=nano.specs -mfloat-abi=soft -mthumb -u _printf_float -Wl,--start-group -lc -lm -Wl,--end-group
Finished building target: OLEDTest.elf
 
arm-none-eabi-objdump -h -S  OLEDTest.elf  > "OLEDTest.list"
arm-none-eabi-objcopy  -O binary  OLEDTest.elf  "OLEDTest.bin"
arm-none-eabi-size   OLEDTest.elf 
   text	   data	    bss	    dec	    hex	filename
  50104	    500	   3284	  53888	   d280	OLEDTest.elf
Finished building: default.size.stdout
 
Finished building: OLEDTest.bin
 
Finished building: OLEDTest.list
 
16:05:08 **** Incremental Build of configuration Debug for project OLEDTest ****
make -j4 all 
arm-none-eabi-gcc "../Src/onewire.c" -mcpu=cortex-m3 -std=gnu11 -g3 -DUSE_HAL_DRIVER -DSTM32F103xB -DDEBUG -c -I../Inc -I../Drivers/CMSIS/Device/ST/STM32F1xx/Include -I../Drivers/CMSIS/Include -I../Drivers/STM32F1xx_HAL_Driver/Inc/Legacy -I../Drivers/STM32F1xx_HAL_Driver/Inc -O0 -ffunction-sections -fdata-sections -Wall -fstack-usage -MMD -MP -MF"Src/onewire.d" -MT"Src/onewire.o" --specs=nano.specs -mfloat-abi=soft -mthumb -o "Src/onewire.o"
../Src/onewire.c: In function 'OW_Send':
../Src/onewire.c:141:5: warning: implicit declaration of function 'memcpy' [-Wimplicit-function-declaration]
     memcpy(data,command,cLen);
     ^~~~~~
../Src/onewire.c:141:5: warning: incompatible implicit declaration of built-in function 'memcpy'
../Src/onewire.c:141:5: note: include '<string.h>' or provide a declaration of 'memcpy'
../Src/onewire.c: In function 'OW_Search2':
../Src/onewire.c:201:13: warning: unused variable 'cmd' [-Wunused-variable]
     uint8_t cmd;
             ^~~
../Src/onewire.c: In function 'OW_Send':
../Src/onewire.c:152:1: warning: control reaches end of non-void function [-Wreturn-type]
 }
 ^
arm-none-eabi-gcc -o "OLEDTest.elf" @"objects.list"   -mcpu=cortex-m3 -T"D:\Documents\Projects\STMDistillery\OLEDTest\STM32F103C8TX_FLASH.ld" --specs=nosys.specs -Wl,-Map="OLEDTest.map" -Wl,--gc-sections -static --specs=nano.specs -mfloat-abi=soft -mthumb -u _printf_float -Wl,--start-group -lc -lm -Wl,--end-group
Finished building target: OLEDTest.elf
 
arm-none-eabi-objdump -h -S  OLEDTest.elf  > "OLEDTest.list"
arm-none-eabi-objcopy  -O binary  OLEDTest.elf  "OLEDTest.bin"
arm-none-eabi-size   OLEDTest.elf 
   text	   data	    bss	    dec	    hex	filename
  50104	    500	   3284	  53888	   d280	OLEDTest.elf
Finished building: default.size.stdout
 
Finished building: OLEDTest.bin
 
Finished building: OLEDTest.list
 
16:05:23 **** Incremental Build of configuration Debug for project OLEDTest ****
make -j4 all 
arm-none-eabi-size   OLEDTest.elf 
   text	   data	    bss	    dec	    hex	filename
  50104	    500	   3284	  53888	   d280	OLEDTest.elf
Finished building: default.size.stdout
 
16:06:31 **** Incremental Build of configuration Debug for project OLEDTest ****
make -j4 all 
arm-none-eabi-gcc "../Src/ds18b20.c" -mcpu=cortex-m3 -std=gnu11 -g3 -DUSE_HAL_DRIVER -DSTM32F103xB -DDEBUG -c -I../Inc -I../Drivers/CMSIS/Device/ST/STM32F1xx/Include -I../Drivers/CMSIS/Include -I../Drivers/STM32F1xx_HAL_Driver/Inc/Legacy -I../Drivers/STM32F1xx_HAL_Driver/Inc -O0 -ffunction-sections -fdata-sections -Wall -fstack-usage -MMD -MP -MF"Src/ds18b20.d" -MT"Src/ds18b20.o" --specs=nano.specs -mfloat-abi=soft -mthumb -o "Src/ds18b20.o"
../Src/ds18b20.c: In function 'ds18b20_start_convert':
../Src/ds18b20.c:59:5: warning: implicit declaration of function 'OW_Send' [-Wimplicit-function-declaration]
     OW_Send(OW_SEND_RESET, send_buf, sizeof(send_buf));
     ^~~~~~~
arm-none-eabi-gcc -o "OLEDTest.elf" @"objects.list"   -mcpu=cortex-m3 -T"D:\Documents\Projects\STMDistillery\OLEDTest\STM32F103C8TX_FLASH.ld" --specs=nosys.specs -Wl,-Map="OLEDTest.map" -Wl,--gc-sections -static --specs=nano.specs -mfloat-abi=soft -mthumb -u _printf_float -Wl,--start-group -lc -lm -Wl,--end-group
Finished building target: OLEDTest.elf
 
arm-none-eabi-objdump -h -S  OLEDTest.elf  > "OLEDTest.list"
arm-none-eabi-objcopy  -O binary  OLEDTest.elf  "OLEDTest.bin"
arm-none-eabi-size   OLEDTest.elf 
   text	   data	    bss	    dec	    hex	filename
  50160	    500	   3284	  53944	   d2b8	OLEDTest.elf
Finished building: default.size.stdout
 
Finished building: OLEDTest.bin
 
Finished building: OLEDTest.list
 
16:08:59 **** Incremental Build of configuration Debug for project OLEDTest ****
make -j4 all 
arm-none-eabi-gcc "../Src/onewire.c" -mcpu=cortex-m3 -std=gnu11 -g3 -DUSE_HAL_DRIVER -DSTM32F103xB -DDEBUG -c -I../Inc -I../Drivers/CMSIS/Device/ST/STM32F1xx/Include -I../Drivers/CMSIS/Include -I../Drivers/STM32F1xx_HAL_Driver/Inc/Legacy -I../Drivers/STM32F1xx_HAL_Driver/Inc -O0 -ffunction-sections -fdata-sections -Wall -fstack-usage -MMD -MP -MF"Src/onewire.d" -MT"Src/onewire.o" --specs=nano.specs -mfloat-abi=soft -mthumb -o "Src/onewire.o"
../Src/onewire.c: In function 'OW_Send':
../Src/onewire.c:141:5: warning: implicit declaration of function 'memcpy' [-Wimplicit-function-declaration]
     memcpy(data,command,cLen);
     ^~~~~~
../Src/onewire.c:141:5: warning: incompatible implicit declaration of built-in function 'memcpy'
../Src/onewire.c:141:5: note: include '<string.h>' or provide a declaration of 'memcpy'
../Src/onewire.c: In function 'OW_Search2':
../Src/onewire.c:201:13: warning: unused variable 'cmd' [-Wunused-variable]
     uint8_t cmd;
             ^~~
../Src/onewire.c: In function 'OW_Send':
../Src/onewire.c:152:1: warning: control reaches end of non-void function [-Wreturn-type]
 }
 ^
arm-none-eabi-gcc -o "OLEDTest.elf" @"objects.list"   -mcpu=cortex-m3 -T"D:\Documents\Projects\STMDistillery\OLEDTest\STM32F103C8TX_FLASH.ld" --specs=nosys.specs -Wl,-Map="OLEDTest.map" -Wl,--gc-sections -static --specs=nano.specs -mfloat-abi=soft -mthumb -u _printf_float -Wl,--start-group -lc -lm -Wl,--end-group
Finished building target: OLEDTest.elf
 
arm-none-eabi-objdump -h -S  OLEDTest.elf  > "OLEDTest.list"
arm-none-eabi-objcopy  -O binary  OLEDTest.elf  "OLEDTest.bin"
arm-none-eabi-size   OLEDTest.elf 
   text	   data	    bss	    dec	    hex	filename
  50160	    500	   3284	  53944	   d2b8	OLEDTest.elf
Finished building: default.size.stdout
 
Finished building: OLEDTest.bin
 
Finished building: OLEDTest.list
 
16:09:43 **** Incremental Build of configuration Debug for project OLEDTest ****
make -j4 all 
arm-none-eabi-gcc "../Src/ds18b20.c" -mcpu=cortex-m3 -std=gnu11 -g3 -DUSE_HAL_DRIVER -DSTM32F103xB -DDEBUG -c -I../Inc -I../Drivers/CMSIS/Device/ST/STM32F1xx/Include -I../Drivers/CMSIS/Include -I../Drivers/STM32F1xx_HAL_Driver/Inc/Legacy -I../Drivers/STM32F1xx_HAL_Driver/Inc -O0 -ffunction-sections -fdata-sections -Wall -fstack-usage -MMD -MP -MF"Src/ds18b20.d" -MT"Src/ds18b20.o" --specs=nano.specs -mfloat-abi=soft -mthumb -o "Src/ds18b20.o"
../Src/ds18b20.c: In function 'ds18b20_start_convert':
../Src/ds18b20.c:59:5: warning: implicit declaration of function 'OW_Send' [-Wimplicit-function-declaration]
     OW_Send(OW_SEND_RESET, send_buf, sizeof(send_buf));
     ^~~~~~~
arm-none-eabi-gcc -o "OLEDTest.elf" @"objects.list"   -mcpu=cortex-m3 -T"D:\Documents\Projects\STMDistillery\OLEDTest\STM32F103C8TX_FLASH.ld" --specs=nosys.specs -Wl,-Map="OLEDTest.map" -Wl,--gc-sections -static --specs=nano.specs -mfloat-abi=soft -mthumb -u _printf_float -Wl,--start-group -lc -lm -Wl,--end-group
Finished building target: OLEDTest.elf
 
arm-none-eabi-objdump -h -S  OLEDTest.elf  > "OLEDTest.list"
arm-none-eabi-objcopy  -O binary  OLEDTest.elf  "OLEDTest.bin"
arm-none-eabi-size   OLEDTest.elf 
   text	   data	    bss	    dec	    hex	filename
  50160	    500	   3284	  53944	   d2b8	OLEDTest.elf
Finished building: default.size.stdout
 
Finished building: OLEDTest.bin
 
Finished building: OLEDTest.list
 
16:11:25 **** Incremental Build of configuration Debug for project OLEDTest ****
make -j4 all 
arm-none-eabi-gcc "../Src/ds18b20.c" -mcpu=cortex-m3 -std=gnu11 -g3 -DUSE_HAL_DRIVER -DSTM32F103xB -DDEBUG -c -I../Inc -I../Drivers/CMSIS/Device/ST/STM32F1xx/Include -I../Drivers/CMSIS/Include -I../Drivers/STM32F1xx_HAL_Driver/Inc/Legacy -I../Drivers/STM32F1xx_HAL_Driver/Inc -O0 -ffunction-sections -fdata-sections -Wall -fstack-usage -MMD -MP -MF"Src/ds18b20.d" -MT"Src/ds18b20.o" --specs=nano.specs -mfloat-abi=soft -mthumb -o "Src/ds18b20.o"
../Src/ds18b20.c: In function 'ds18b20_start_convert':
../Src/ds18b20.c:59:5: warning: implicit declaration of function 'OW_Send' [-Wimplicit-function-declaration]
     OW_Send(OW_SEND_RESET, send_buf, sizeof(send_buf));
     ^~~~~~~
arm-none-eabi-gcc -o "OLEDTest.elf" @"objects.list"   -mcpu=cortex-m3 -T"D:\Documents\Projects\STMDistillery\OLEDTest\STM32F103C8TX_FLASH.ld" --specs=nosys.specs -Wl,-Map="OLEDTest.map" -Wl,--gc-sections -static --specs=nano.specs -mfloat-abi=soft -mthumb -u _printf_float -Wl,--start-group -lc -lm -Wl,--end-group
Finished building target: OLEDTest.elf
 
arm-none-eabi-objdump -h -S  OLEDTest.elf  > "OLEDTest.list"
arm-none-eabi-objcopy  -O binary  OLEDTest.elf  "OLEDTest.bin"
arm-none-eabi-size   OLEDTest.elf 
   text	   data	    bss	    dec	    hex	filename
  50160	    500	   3284	  53944	   d2b8	OLEDTest.elf
Finished building: default.size.stdout
 
Finished building: OLEDTest.bin
 
Finished building: OLEDTest.list
 
16:11:43 **** Incremental Build of configuration Debug for project OLEDTest ****
make -j4 all 
arm-none-eabi-size   OLEDTest.elf 
   text	   data	    bss	    dec	    hex	filename
  50160	    500	   3284	  53944	   d2b8	OLEDTest.elf
Finished building: default.size.stdout
 
16:11:54 **** Incremental Build of configuration Debug for project OLEDTest ****
make -j4 all 
arm-none-eabi-size   OLEDTest.elf 
   text	   data	    bss	    dec	    hex	filename
  50160	    500	   3284	  53944	   d2b8	OLEDTest.elf
Finished building: default.size.stdout
 
16:13:06 **** Incremental Build of configuration Debug for project OLEDTest ****
make -j4 all 
arm-none-eabi-size   OLEDTest.elf 
   text	   data	    bss	    dec	    hex	filename
  50160	    500	   3284	  53944	   d2b8	OLEDTest.elf
Finished building: default.size.stdout
 
16:16:07 **** Incremental Build of configuration Debug for project OLEDTest ****
make -j4 all 
arm-none-eabi-gcc "../Src/ds18b20.c" -mcpu=cortex-m3 -std=gnu11 -g3 -DUSE_HAL_DRIVER -DSTM32F103xB -DDEBUG -c -I../Inc -I../Drivers/CMSIS/Device/ST/STM32F1xx/Include -I../Drivers/CMSIS/Include -I../Drivers/STM32F1xx_HAL_Driver/Inc/Legacy -I../Drivers/STM32F1xx_HAL_Driver/Inc -O0 -ffunction-sections -fdata-sections -Wall -fstack-usage -MMD -MP -MF"Src/ds18b20.d" -MT"Src/ds18b20.o" --specs=nano.specs -mfloat-abi=soft -mthumb -o "Src/ds18b20.o"
../Src/ds18b20.c: In function 'ds18b20_start_convert':
../Src/ds18b20.c:59:5: warning: implicit declaration of function 'OW_Send' [-Wimplicit-function-declaration]
     OW_Send(OW_SEND_RESET, send_buf, sizeof(send_buf));
     ^~~~~~~
arm-none-eabi-gcc -o "OLEDTest.elf" @"objects.list"   -mcpu=cortex-m3 -T"D:\Documents\Projects\STMDistillery\OLEDTest\STM32F103C8TX_FLASH.ld" --specs=nosys.specs -Wl,-Map="OLEDTest.map" -Wl,--gc-sections -static --specs=nano.specs -mfloat-abi=soft -mthumb -u _printf_float -Wl,--start-group -lc -lm -Wl,--end-group
Finished building target: OLEDTest.elf
 
arm-none-eabi-objdump -h -S  OLEDTest.elf  > "OLEDTest.list"
arm-none-eabi-objcopy  -O binary  OLEDTest.elf  "OLEDTest.bin"
arm-none-eabi-size   OLEDTest.elf 
   text	   data	    bss	    dec	    hex	filename
  50128	    500	   3284	  53912	   d298	OLEDTest.elf
Finished building: default.size.stdout
 
Finished building: OLEDTest.bin
 
Finished building: OLEDTest.list
 
16:31:40 **** Incremental Build of configuration Debug for project OLEDTest ****
make -j4 all 
arm-none-eabi-gcc "../Src/ds18b20.c" -mcpu=cortex-m3 -std=gnu11 -g3 -DUSE_HAL_DRIVER -DSTM32F103xB -DDEBUG -c -I../Inc -I../Drivers/CMSIS/Device/ST/STM32F1xx/Include -I../Drivers/CMSIS/Include -I../Drivers/STM32F1xx_HAL_Driver/Inc/Legacy -I../Drivers/STM32F1xx_HAL_Driver/Inc -O0 -ffunction-sections -fdata-sections -Wall -fstack-usage -MMD -MP -MF"Src/ds18b20.d" -MT"Src/ds18b20.o" --specs=nano.specs -mfloat-abi=soft -mthumb -o "Src/ds18b20.o"
arm-none-eabi-gcc "../Src/main.c" -mcpu=cortex-m3 -std=gnu11 -g3 -DUSE_HAL_DRIVER -DSTM32F103xB -DDEBUG -c -I../Inc -I../Drivers/CMSIS/Device/ST/STM32F1xx/Include -I../Drivers/CMSIS/Include -I../Drivers/STM32F1xx_HAL_Driver/Inc/Legacy -I../Drivers/STM32F1xx_HAL_Driver/Inc -O0 -ffunction-sections -fdata-sections -Wall -fstack-usage -MMD -MP -MF"Src/main.d" -MT"Src/main.o" --specs=nano.specs -mfloat-abi=soft -mthumb -o "Src/main.o"
arm-none-eabi-gcc "../Src/onewire.c" -mcpu=cortex-m3 -std=gnu11 -g3 -DUSE_HAL_DRIVER -DSTM32F103xB -DDEBUG -c -I../Inc -I../Drivers/CMSIS/Device/ST/STM32F1xx/Include -I../Drivers/CMSIS/Include -I../Drivers/STM32F1xx_HAL_Driver/Inc/Legacy -I../Drivers/STM32F1xx_HAL_Driver/Inc -O0 -ffunction-sections -fdata-sections -Wall -fstack-usage -MMD -MP -MF"Src/onewire.d" -MT"Src/onewire.o" --specs=nano.specs -mfloat-abi=soft -mthumb -o "Src/onewire.o"
arm-none-eabi-gcc "../Src/stm32f1xx_hal_msp.c" -mcpu=cortex-m3 -std=gnu11 -g3 -DUSE_HAL_DRIVER -DSTM32F103xB -DDEBUG -c -I../Inc -I../Drivers/CMSIS/Device/ST/STM32F1xx/Include -I../Drivers/CMSIS/Include -I../Drivers/STM32F1xx_HAL_Driver/Inc/Legacy -I../Drivers/STM32F1xx_HAL_Driver/Inc -O0 -ffunction-sections -fdata-sections -Wall -fstack-usage -MMD -MP -MF"Src/stm32f1xx_hal_msp.d" -MT"Src/stm32f1xx_hal_msp.o" --specs=nano.specs -mfloat-abi=soft -mthumb -o "Src/stm32f1xx_hal_msp.o"
../Src/onewire.c: In function 'ProcessData':
../Src/onewire.c:110:9: warning: 'return' with no value, in function returning non-void
         return;
         ^~~~~~
../Src/onewire.c:55:16: note: declared here
 static uint8_t ProcessData(void) {
                ^~~~~~~~~~~
../Src/onewire.c: In function 'OW_Send':
../Src/onewire.c:146:5: warning: implicit declaration of function 'memcpy' [-Wimplicit-function-declaration]
     memcpy(data,command,cLen);
     ^~~~~~
../Src/onewire.c:146:5: warning: incompatible implicit declaration of built-in function 'memcpy'
../Src/onewire.c:146:5: note: include '<string.h>' or provide a declaration of 'memcpy'
../Src/onewire.c: In function 'OW_Search2':
../Src/onewire.c:206:13: warning: unused variable 'cmd' [-Wunused-variable]
     uint8_t cmd;
             ^~~
../Src/onewire.c: In function 'OW_Send':
../Src/onewire.c:157:1: warning: control reaches end of non-void function [-Wreturn-type]
 }
 ^
../Src/ds18b20.c: In function 'ds18b20_start_convert':
../Src/ds18b20.c:59:5: warning: implicit declaration of function 'OW_Send' [-Wimplicit-function-declaration]
     OW_Send(OW_SEND_RESET, send_buf, sizeof(send_buf));
     ^~~~~~~
../Src/main.c: In function 'main':
../Src/main.c:269:14: warning: pointer targets in passing argument 1 of 'sprintf' differ in signedness [-Wpointer-sign]
      sprintf(str1,"%4.2f ",ds18_sensors[0].temp);
              ^~~~
In file included from ../Inc/main.h:64:0,
                 from ../Src/main.c:22:
d:\programs\stm32cubeide_1.0.2\stm32cubeide\plugins\com.st.stm32cube.ide.mcu.externaltools.gnu-tools-for-stm32.7-2018-q2-update.win32_1.0.0.201904181610\tools\arm-none-eabi\include\stdio.h:244:5: note: expected 'char * restrict' but argument is of type 'uint8_t * {aka unsigned char *}'
 int sprintf (char *__restrict, const char *__restrict, ...)
     ^~~~~~~
../Src/main.c:271:20: warning: pointer targets in passing argument 1 of 'SSD1306_Puts' differ in signedness [-Wpointer-sign]
      SSD1306_Puts (str1, &Font_11x18, 1);
                    ^~~~
In file included from ../Src/main.c:27:0:
../Inc/ssd1306.h:151:6: note: expected 'char *' but argument is of type 'uint8_t * {aka unsigned char *}'
 char SSD1306_Puts(char* str, FontDef_t* Font, SSD1306_COLOR_t color);
      ^~~~~~~~~~~~
../Src/main.c:273:11: warning: pointer targets in passing argument 1 of 'sprintf' differ in signedness [-Wpointer-sign]
   sprintf(str1,"%4.2f ",ds18_sensors[1].temp);
           ^~~~
In file included from ../Inc/main.h:64:0,
                 from ../Src/main.c:22:
d:\programs\stm32cubeide_1.0.2\stm32cubeide\plugins\com.st.stm32cube.ide.mcu.externaltools.gnu-tools-for-stm32.7-2018-q2-update.win32_1.0.0.201904181610\tools\arm-none-eabi\include\stdio.h:244:5: note: expected 'char * restrict' but argument is of type 'uint8_t * {aka unsigned char *}'
 int sprintf (char *__restrict, const char *__restrict, ...)
     ^~~~~~~
../Src/main.c:275:17: warning: pointer targets in passing argument 1 of 'SSD1306_Puts' differ in signedness [-Wpointer-sign]
   SSD1306_Puts (str1, &Font_11x18, 1);
                 ^~~~
In file included from ../Src/main.c:27:0:
../Inc/ssd1306.h:151:6: note: expected 'char *' but argument is of type 'uint8_t * {aka unsigned char *}'
 char SSD1306_Puts(char* str, FontDef_t* Font, SSD1306_COLOR_t color);
      ^~~~~~~~~~~~
../Src/main.c:277:14: warning: pointer targets in passing argument 1 of 'sprintf' differ in signedness [-Wpointer-sign]
      sprintf(str1,"%4.2f ",ds18_sensors[2].temp);
              ^~~~
In file included from ../Inc/main.h:64:0,
                 from ../Src/main.c:22:
d:\programs\stm32cubeide_1.0.2\stm32cubeide\plugins\com.st.stm32cube.ide.mcu.externaltools.gnu-tools-for-stm32.7-2018-q2-update.win32_1.0.0.201904181610\tools\arm-none-eabi\include\stdio.h:244:5: note: expected 'char * restrict' but argument is of type 'uint8_t * {aka unsigned char *}'
 int sprintf (char *__restrict, const char *__restrict, ...)
     ^~~~~~~
../Src/main.c:279:17: warning: pointer targets in passing argument 1 of 'SSD1306_Puts' differ in signedness [-Wpointer-sign]
   SSD1306_Puts (str1, &Font_11x18, 1);
                 ^~~~
In file included from ../Src/main.c:27:0:
../Inc/ssd1306.h:151:6: note: expected 'char *' but argument is of type 'uint8_t * {aka unsigned char *}'
 char SSD1306_Puts(char* str, FontDef_t* Font, SSD1306_COLOR_t color);
      ^~~~~~~~~~~~
../Src/main.c:281:11: warning: pointer targets in passing argument 1 of 'sprintf' differ in signedness [-Wpointer-sign]
   sprintf(str1,"%4.2f ",ds18_sensors[3].temp);
           ^~~~
In file included from ../Inc/main.h:64:0,
                 from ../Src/main.c:22:
d:\programs\stm32cubeide_1.0.2\stm32cubeide\plugins\com.st.stm32cube.ide.mcu.externaltools.gnu-tools-for-stm32.7-2018-q2-update.win32_1.0.0.201904181610\tools\arm-none-eabi\include\stdio.h:244:5: note: expected 'char * restrict' but argument is of type 'uint8_t * {aka unsigned char *}'
 int sprintf (char *__restrict, const char *__restrict, ...)
     ^~~~~~~
../Src/main.c:283:17: warning: pointer targets in passing argument 1 of 'SSD1306_Puts' differ in signedness [-Wpointer-sign]
   SSD1306_Puts (str1, &Font_11x18, 1);
                 ^~~~
In file included from ../Src/main.c:27:0:
../Inc/ssd1306.h:151:6: note: expected 'char *' but argument is of type 'uint8_t * {aka unsigned char *}'
 char SSD1306_Puts(char* str, FontDef_t* Font, SSD1306_COLOR_t color);
      ^~~~~~~~~~~~
../Src/main.c:288:12: warning: pointer targets in passing argument 1 of 'sprintf' differ in signedness [-Wpointer-sign]
    sprintf(str1,"%.2f'C %.2fmm    ",BME280_ReadTemperature(),BME280_ReadPressure()*0.000750061683f);
            ^~~~
In file included from ../Inc/main.h:64:0,
                 from ../Src/main.c:22:
d:\programs\stm32cubeide_1.0.2\stm32cubeide\plugins\com.st.stm32cube.ide.mcu.externaltools.gnu-tools-for-stm32.7-2018-q2-update.win32_1.0.0.201904181610\tools\arm-none-eabi\include\stdio.h:244:5: note: expected 'char * restrict' but argument is of type 'uint8_t * {aka unsigned char *}'
 int sprintf (char *__restrict, const char *__restrict, ...)
     ^~~~~~~
../Src/main.c:290:18: warning: pointer targets in passing argument 1 of 'SSD1306_Puts' differ in signedness [-Wpointer-sign]
    SSD1306_Puts (str1, &Font_7x10, 1);
                  ^~~~
In file included from ../Src/main.c:27:0:
../Inc/ssd1306.h:151:6: note: expected 'char *' but argument is of type 'uint8_t * {aka unsigned char *}'
 char SSD1306_Puts(char* str, FontDef_t* Font, SSD1306_COLOR_t color);
      ^~~~~~~~~~~~
../Src/main.c:291:12: warning: pointer targets in passing argument 1 of 'sprintf' differ in signedness [-Wpointer-sign]
    sprintf(str1,"%.1f%%     ",BME280_ReadHumidity());
            ^~~~
In file included from ../Inc/main.h:64:0,
                 from ../Src/main.c:22:
d:\programs\stm32cubeide_1.0.2\stm32cubeide\plugins\com.st.stm32cube.ide.mcu.externaltools.gnu-tools-for-stm32.7-2018-q2-update.win32_1.0.0.201904181610\tools\arm-none-eabi\include\stdio.h:244:5: note: expected 'char * restrict' but argument is of type 'uint8_t * {aka unsigned char *}'
 int sprintf (char *__restrict, const char *__restrict, ...)
     ^~~~~~~
../Src/main.c:293:18: warning: pointer targets in passing argument 1 of 'SSD1306_Puts' differ in signedness [-Wpointer-sign]
    SSD1306_Puts (str1, &Font_7x10, 1);
                  ^~~~
In file included from ../Src/main.c:27:0:
../Inc/ssd1306.h:151:6: note: expected 'char *' but argument is of type 'uint8_t * {aka unsigned char *}'
 char SSD1306_Puts(char* str, FontDef_t* Font, SSD1306_COLOR_t color);
      ^~~~~~~~~~~~
arm-none-eabi-gcc "../Src/stm32f1xx_it.c" -mcpu=cortex-m3 -std=gnu11 -g3 -DUSE_HAL_DRIVER -DSTM32F103xB -DDEBUG -c -I../Inc -I../Drivers/CMSIS/Device/ST/STM32F1xx/Include -I../Drivers/CMSIS/Include -I../Drivers/STM32F1xx_HAL_Driver/Inc/Legacy -I../Drivers/STM32F1xx_HAL_Driver/Inc -O0 -ffunction-sections -fdata-sections -Wall -fstack-usage -MMD -MP -MF"Src/stm32f1xx_it.d" -MT"Src/stm32f1xx_it.o" --specs=nano.specs -mfloat-abi=soft -mthumb -o "Src/stm32f1xx_it.o"
arm-none-eabi-gcc -o "OLEDTest.elf" @"objects.list"   -mcpu=cortex-m3 -T"D:\Documents\Projects\STMDistillery\OLEDTest\STM32F103C8TX_FLASH.ld" --specs=nosys.specs -Wl,-Map="OLEDTest.map" -Wl,--gc-sections -static --specs=nano.specs -mfloat-abi=soft -mthumb -u _printf_float -Wl,--start-group -lc -lm -Wl,--end-group
Finished building target: OLEDTest.elf
 
arm-none-eabi-objdump -h -S  OLEDTest.elf  > "OLEDTest.list"
arm-none-eabi-objcopy  -O binary  OLEDTest.elf  "OLEDTest.bin"
arm-none-eabi-size   OLEDTest.elf 
   text	   data	    bss	    dec	    hex	filename
  50160	    500	   3284	  53944	   d2b8	OLEDTest.elf
Finished building: default.size.stdout
 
Finished building: OLEDTest.bin
 
Finished building: OLEDTest.list
 
16:33:35 **** Incremental Build of configuration Debug for project OLEDTest ****
make -j4 all 
arm-none-eabi-gcc "../Src/onewire.c" -mcpu=cortex-m3 -std=gnu11 -g3 -DUSE_HAL_DRIVER -DSTM32F103xB -DDEBUG -c -I../Inc -I../Drivers/CMSIS/Device/ST/STM32F1xx/Include -I../Drivers/CMSIS/Include -I../Drivers/STM32F1xx_HAL_Driver/Inc/Legacy -I../Drivers/STM32F1xx_HAL_Driver/Inc -O0 -ffunction-sections -fdata-sections -Wall -fstack-usage -MMD -MP -MF"Src/onewire.d" -MT"Src/onewire.o" --specs=nano.specs -mfloat-abi=soft -mthumb -o "Src/onewire.o"
../Src/onewire.c: In function 'OW_Send':
../Src/onewire.c:146:5: warning: implicit declaration of function 'memcpy' [-Wimplicit-function-declaration]
     memcpy(data,command,cLen);
     ^~~~~~
../Src/onewire.c:146:5: warning: incompatible implicit declaration of built-in function 'memcpy'
../Src/onewire.c:146:5: note: include '<string.h>' or provide a declaration of 'memcpy'
../Src/onewire.c: In function 'OW_Search2':
../Src/onewire.c:206:13: warning: unused variable 'cmd' [-Wunused-variable]
     uint8_t cmd;
             ^~~
../Src/onewire.c: In function 'OW_Send':
../Src/onewire.c:157:1: warning: control reaches end of non-void function [-Wreturn-type]
 }
 ^
arm-none-eabi-gcc -o "OLEDTest.elf" @"objects.list"   -mcpu=cortex-m3 -T"D:\Documents\Projects\STMDistillery\OLEDTest\STM32F103C8TX_FLASH.ld" --specs=nosys.specs -Wl,-Map="OLEDTest.map" -Wl,--gc-sections -static --specs=nano.specs -mfloat-abi=soft -mthumb -u _printf_float -Wl,--start-group -lc -lm -Wl,--end-group
Finished building target: OLEDTest.elf
 
arm-none-eabi-objdump -h -S  OLEDTest.elf  > "OLEDTest.list"
arm-none-eabi-objcopy  -O binary  OLEDTest.elf  "OLEDTest.bin"
arm-none-eabi-size   OLEDTest.elf 
   text	   data	    bss	    dec	    hex	filename
  50176	    500	   3284	  53960	   d2c8	OLEDTest.elf
Finished building: default.size.stdout
 
Finished building: OLEDTest.bin
 
Finished building: OLEDTest.list
 
16:35:23 **** Incremental Build of configuration Debug for project OLEDTest ****
make -j4 all 
arm-none-eabi-gcc "../Src/ds18b20.c" -mcpu=cortex-m3 -std=gnu11 -g3 -DUSE_HAL_DRIVER -DSTM32F103xB -DDEBUG -c -I../Inc -I../Drivers/CMSIS/Device/ST/STM32F1xx/Include -I../Drivers/CMSIS/Include -I../Drivers/STM32F1xx_HAL_Driver/Inc/Legacy -I../Drivers/STM32F1xx_HAL_Driver/Inc -O0 -ffunction-sections -fdata-sections -Wall -fstack-usage -MMD -MP -MF"Src/ds18b20.d" -MT"Src/ds18b20.o" --specs=nano.specs -mfloat-abi=soft -mthumb -o "Src/ds18b20.o"
arm-none-eabi-gcc "../Src/main.c" -mcpu=cortex-m3 -std=gnu11 -g3 -DUSE_HAL_DRIVER -DSTM32F103xB -DDEBUG -c -I../Inc -I../Drivers/CMSIS/Device/ST/STM32F1xx/Include -I../Drivers/CMSIS/Include -I../Drivers/STM32F1xx_HAL_Driver/Inc/Legacy -I../Drivers/STM32F1xx_HAL_Driver/Inc -O0 -ffunction-sections -fdata-sections -Wall -fstack-usage -MMD -MP -MF"Src/main.d" -MT"Src/main.o" --specs=nano.specs -mfloat-abi=soft -mthumb -o "Src/main.o"
arm-none-eabi-gcc "../Src/onewire.c" -mcpu=cortex-m3 -std=gnu11 -g3 -DUSE_HAL_DRIVER -DSTM32F103xB -DDEBUG -c -I../Inc -I../Drivers/CMSIS/Device/ST/STM32F1xx/Include -I../Drivers/CMSIS/Include -I../Drivers/STM32F1xx_HAL_Driver/Inc/Legacy -I../Drivers/STM32F1xx_HAL_Driver/Inc -O0 -ffunction-sections -fdata-sections -Wall -fstack-usage -MMD -MP -MF"Src/onewire.d" -MT"Src/onewire.o" --specs=nano.specs -mfloat-abi=soft -mthumb -o "Src/onewire.o"
arm-none-eabi-gcc "../Src/stm32f1xx_hal_msp.c" -mcpu=cortex-m3 -std=gnu11 -g3 -DUSE_HAL_DRIVER -DSTM32F103xB -DDEBUG -c -I../Inc -I../Drivers/CMSIS/Device/ST/STM32F1xx/Include -I../Drivers/CMSIS/Include -I../Drivers/STM32F1xx_HAL_Driver/Inc/Legacy -I../Drivers/STM32F1xx_HAL_Driver/Inc -O0 -ffunction-sections -fdata-sections -Wall -fstack-usage -MMD -MP -MF"Src/stm32f1xx_hal_msp.d" -MT"Src/stm32f1xx_hal_msp.o" --specs=nano.specs -mfloat-abi=soft -mthumb -o "Src/stm32f1xx_hal_msp.o"
../Src/onewire.c: In function 'OW_Send':
../Src/onewire.c:146:5: warning: implicit declaration of function 'memcpy' [-Wimplicit-function-declaration]
     memcpy(data,command,cLen);
     ^~~~~~
../Src/onewire.c:146:5: warning: incompatible implicit declaration of built-in function 'memcpy'
../Src/onewire.c:146:5: note: include '<string.h>' or provide a declaration of 'memcpy'
../Src/onewire.c: In function 'OW_Search2':
../Src/onewire.c:206:13: warning: unused variable 'cmd' [-Wunused-variable]
     uint8_t cmd;
             ^~~
../Src/onewire.c: In function 'OW_Send':
../Src/onewire.c:157:1: warning: control reaches end of non-void function [-Wreturn-type]
 }
 ^
../Src/ds18b20.c: In function 'ds18b20_start_convert':
../Src/ds18b20.c:59:5: warning: implicit declaration of function 'OW_Send' [-Wimplicit-function-declaration]
     OW_Send(OW_SEND_RESET, send_buf, sizeof(send_buf));
     ^~~~~~~
../Src/main.c: In function 'main':
../Src/main.c:269:14: warning: pointer targets in passing argument 1 of 'sprintf' differ in signedness [-Wpointer-sign]
      sprintf(str1,"%4.2f ",ds18_sensors[0].temp);
              ^~~~
In file included from ../Inc/main.h:64:0,
                 from ../Src/main.c:22:
d:\programs\stm32cubeide_1.0.2\stm32cubeide\plugins\com.st.stm32cube.ide.mcu.externaltools.gnu-tools-for-stm32.7-2018-q2-update.win32_1.0.0.201904181610\tools\arm-none-eabi\include\stdio.h:244:5: note: expected 'char * restrict' but argument is of type 'uint8_t * {aka unsigned char *}'
 int sprintf (char *__restrict, const char *__restrict, ...)
     ^~~~~~~
../Src/main.c:271:20: warning: pointer targets in passing argument 1 of 'SSD1306_Puts' differ in signedness [-Wpointer-sign]
      SSD1306_Puts (str1, &Font_11x18, 1);
                    ^~~~
In file included from ../Src/main.c:27:0:
../Inc/ssd1306.h:151:6: note: expected 'char *' but argument is of type 'uint8_t * {aka unsigned char *}'
 char SSD1306_Puts(char* str, FontDef_t* Font, SSD1306_COLOR_t color);
      ^~~~~~~~~~~~
../Src/main.c:273:11: warning: pointer targets in passing argument 1 of 'sprintf' differ in signedness [-Wpointer-sign]
   sprintf(str1,"%4.2f ",ds18_sensors[1].temp);
           ^~~~
In file included from ../Inc/main.h:64:0,
                 from ../Src/main.c:22:
d:\programs\stm32cubeide_1.0.2\stm32cubeide\plugins\com.st.stm32cube.ide.mcu.externaltools.gnu-tools-for-stm32.7-2018-q2-update.win32_1.0.0.201904181610\tools\arm-none-eabi\include\stdio.h:244:5: note: expected 'char * restrict' but argument is of type 'uint8_t * {aka unsigned char *}'
 int sprintf (char *__restrict, const char *__restrict, ...)
     ^~~~~~~
../Src/main.c:275:17: warning: pointer targets in passing argument 1 of 'SSD1306_Puts' differ in signedness [-Wpointer-sign]
   SSD1306_Puts (str1, &Font_11x18, 1);
                 ^~~~
In file included from ../Src/main.c:27:0:
../Inc/ssd1306.h:151:6: note: expected 'char *' but argument is of type 'uint8_t * {aka unsigned char *}'
 char SSD1306_Puts(char* str, FontDef_t* Font, SSD1306_COLOR_t color);
      ^~~~~~~~~~~~
../Src/main.c:277:14: warning: pointer targets in passing argument 1 of 'sprintf' differ in signedness [-Wpointer-sign]
      sprintf(str1,"%4.2f ",ds18_sensors[2].temp);
              ^~~~
In file included from ../Inc/main.h:64:0,
                 from ../Src/main.c:22:
d:\programs\stm32cubeide_1.0.2\stm32cubeide\plugins\com.st.stm32cube.ide.mcu.externaltools.gnu-tools-for-stm32.7-2018-q2-update.win32_1.0.0.201904181610\tools\arm-none-eabi\include\stdio.h:244:5: note: expected 'char * restrict' but argument is of type 'uint8_t * {aka unsigned char *}'
 int sprintf (char *__restrict, const char *__restrict, ...)
     ^~~~~~~
../Src/main.c:279:17: warning: pointer targets in passing argument 1 of 'SSD1306_Puts' differ in signedness [-Wpointer-sign]
   SSD1306_Puts (str1, &Font_11x18, 1);
                 ^~~~
In file included from ../Src/main.c:27:0:
../Inc/ssd1306.h:151:6: note: expected 'char *' but argument is of type 'uint8_t * {aka unsigned char *}'
 char SSD1306_Puts(char* str, FontDef_t* Font, SSD1306_COLOR_t color);
      ^~~~~~~~~~~~
../Src/main.c:281:11: warning: pointer targets in passing argument 1 of 'sprintf' differ in signedness [-Wpointer-sign]
   sprintf(str1,"%4.2f ",ds18_sensors[3].temp);
           ^~~~
In file included from ../Inc/main.h:64:0,
                 from ../Src/main.c:22:
d:\programs\stm32cubeide_1.0.2\stm32cubeide\plugins\com.st.stm32cube.ide.mcu.externaltools.gnu-tools-for-stm32.7-2018-q2-update.win32_1.0.0.201904181610\tools\arm-none-eabi\include\stdio.h:244:5: note: expected 'char * restrict' but argument is of type 'uint8_t * {aka unsigned char *}'
 int sprintf (char *__restrict, const char *__restrict, ...)
     ^~~~~~~
../Src/main.c:283:17: warning: pointer targets in passing argument 1 of 'SSD1306_Puts' differ in signedness [-Wpointer-sign]
   SSD1306_Puts (str1, &Font_11x18, 1);
                 ^~~~
In file included from ../Src/main.c:27:0:
../Inc/ssd1306.h:151:6: note: expected 'char *' but argument is of type 'uint8_t * {aka unsigned char *}'
 char SSD1306_Puts(char* str, FontDef_t* Font, SSD1306_COLOR_t color);
      ^~~~~~~~~~~~
../Src/main.c:288:12: warning: pointer targets in passing argument 1 of 'sprintf' differ in signedness [-Wpointer-sign]
    sprintf(str1,"%.2f'C %.2fmm    ",BME280_ReadTemperature(),BME280_ReadPressure()*0.000750061683f);
            ^~~~
In file included from ../Inc/main.h:64:0,
                 from ../Src/main.c:22:
d:\programs\stm32cubeide_1.0.2\stm32cubeide\plugins\com.st.stm32cube.ide.mcu.externaltools.gnu-tools-for-stm32.7-2018-q2-update.win32_1.0.0.201904181610\tools\arm-none-eabi\include\stdio.h:244:5: note: expected 'char * restrict' but argument is of type 'uint8_t * {aka unsigned char *}'
 int sprintf (char *__restrict, const char *__restrict, ...)
     ^~~~~~~
../Src/main.c:290:18: warning: pointer targets in passing argument 1 of 'SSD1306_Puts' differ in signedness [-Wpointer-sign]
    SSD1306_Puts (str1, &Font_7x10, 1);
                  ^~~~
In file included from ../Src/main.c:27:0:
../Inc/ssd1306.h:151:6: note: expected 'char *' but argument is of type 'uint8_t * {aka unsigned char *}'
 char SSD1306_Puts(char* str, FontDef_t* Font, SSD1306_COLOR_t color);
      ^~~~~~~~~~~~
../Src/main.c:291:12: warning: pointer targets in passing argument 1 of 'sprintf' differ in signedness [-Wpointer-sign]
    sprintf(str1,"%.1f%%     ",BME280_ReadHumidity());
            ^~~~
In file included from ../Inc/main.h:64:0,
                 from ../Src/main.c:22:
d:\programs\stm32cubeide_1.0.2\stm32cubeide\plugins\com.st.stm32cube.ide.mcu.externaltools.gnu-tools-for-stm32.7-2018-q2-update.win32_1.0.0.201904181610\tools\arm-none-eabi\include\stdio.h:244:5: note: expected 'char * restrict' but argument is of type 'uint8_t * {aka unsigned char *}'
 int sprintf (char *__restrict, const char *__restrict, ...)
     ^~~~~~~
../Src/main.c:293:18: warning: pointer targets in passing argument 1 of 'SSD1306_Puts' differ in signedness [-Wpointer-sign]
    SSD1306_Puts (str1, &Font_7x10, 1);
                  ^~~~
In file included from ../Src/main.c:27:0:
../Inc/ssd1306.h:151:6: note: expected 'char *' but argument is of type 'uint8_t * {aka unsigned char *}'
 char SSD1306_Puts(char* str, FontDef_t* Font, SSD1306_COLOR_t color);
      ^~~~~~~~~~~~
arm-none-eabi-gcc "../Src/stm32f1xx_it.c" -mcpu=cortex-m3 -std=gnu11 -g3 -DUSE_HAL_DRIVER -DSTM32F103xB -DDEBUG -c -I../Inc -I../Drivers/CMSIS/Device/ST/STM32F1xx/Include -I../Drivers/CMSIS/Include -I../Drivers/STM32F1xx_HAL_Driver/Inc/Legacy -I../Drivers/STM32F1xx_HAL_Driver/Inc -O0 -ffunction-sections -fdata-sections -Wall -fstack-usage -MMD -MP -MF"Src/stm32f1xx_it.d" -MT"Src/stm32f1xx_it.o" --specs=nano.specs -mfloat-abi=soft -mthumb -o "Src/stm32f1xx_it.o"
arm-none-eabi-gcc -o "OLEDTest.elf" @"objects.list"   -mcpu=cortex-m3 -T"D:\Documents\Projects\STMDistillery\OLEDTest\STM32F103C8TX_FLASH.ld" --specs=nosys.specs -Wl,-Map="OLEDTest.map" -Wl,--gc-sections -static --specs=nano.specs -mfloat-abi=soft -mthumb -u _printf_float -Wl,--start-group -lc -lm -Wl,--end-group
Finished building target: OLEDTest.elf
 
arm-none-eabi-objdump -h -S  OLEDTest.elf  > "OLEDTest.list"
arm-none-eabi-objcopy  -O binary  OLEDTest.elf  "OLEDTest.bin"
arm-none-eabi-size   OLEDTest.elf 
   text	   data	    bss	    dec	    hex	filename
  50176	    500	   3284	  53960	   d2c8	OLEDTest.elf
Finished building: default.size.stdout
 
Finished building: OLEDTest.bin
 
Finished building: OLEDTest.list
 
16:37:28 **** Incremental Build of configuration Debug for project OLEDTest ****
make -j4 all 
arm-none-eabi-gcc "../Src/onewire.c" -mcpu=cortex-m3 -std=gnu11 -g3 -DUSE_HAL_DRIVER -DSTM32F103xB -DDEBUG -c -I../Inc -I../Drivers/CMSIS/Device/ST/STM32F1xx/Include -I../Drivers/CMSIS/Include -I../Drivers/STM32F1xx_HAL_Driver/Inc/Legacy -I../Drivers/STM32F1xx_HAL_Driver/Inc -O0 -ffunction-sections -fdata-sections -Wall -fstack-usage -MMD -MP -MF"Src/onewire.d" -MT"Src/onewire.o" --specs=nano.specs -mfloat-abi=soft -mthumb -o "Src/onewire.o"
../Src/onewire.c: In function 'OW_Send':
../Src/onewire.c:146:5: warning: implicit declaration of function 'memcpy' [-Wimplicit-function-declaration]
     memcpy(data,command,cLen);
     ^~~~~~
../Src/onewire.c:146:5: warning: incompatible implicit declaration of built-in function 'memcpy'
../Src/onewire.c:146:5: note: include '<string.h>' or provide a declaration of 'memcpy'
../Src/onewire.c: In function 'OW_Search2':
../Src/onewire.c:206:13: warning: unused variable 'cmd' [-Wunused-variable]
     uint8_t cmd;
             ^~~
../Src/onewire.c: In function 'OW_Send':
../Src/onewire.c:157:1: warning: control reaches end of non-void function [-Wreturn-type]
 }
 ^
arm-none-eabi-gcc -o "OLEDTest.elf" @"objects.list"   -mcpu=cortex-m3 -T"D:\Documents\Projects\STMDistillery\OLEDTest\STM32F103C8TX_FLASH.ld" --specs=nosys.specs -Wl,-Map="OLEDTest.map" -Wl,--gc-sections -static --specs=nano.specs -mfloat-abi=soft -mthumb -u _printf_float -Wl,--start-group -lc -lm -Wl,--end-group
Finished building target: OLEDTest.elf
 
arm-none-eabi-objdump -h -S  OLEDTest.elf  > "OLEDTest.list"
arm-none-eabi-objcopy  -O binary  OLEDTest.elf  "OLEDTest.bin"
arm-none-eabi-size   OLEDTest.elf 
   text	   data	    bss	    dec	    hex	filename
  50184	    500	   3284	  53968	   d2d0	OLEDTest.elf
Finished building: default.size.stdout
 
Finished building: OLEDTest.bin
 
Finished building: OLEDTest.list
 
16:38:37 **** Incremental Build of configuration Debug for project OLEDTest ****
make -j4 all 
arm-none-eabi-gcc "../Src/onewire.c" -mcpu=cortex-m3 -std=gnu11 -g3 -DUSE_HAL_DRIVER -DSTM32F103xB -DDEBUG -c -I../Inc -I../Drivers/CMSIS/Device/ST/STM32F1xx/Include -I../Drivers/CMSIS/Include -I../Drivers/STM32F1xx_HAL_Driver/Inc/Legacy -I../Drivers/STM32F1xx_HAL_Driver/Inc -O0 -ffunction-sections -fdata-sections -Wall -fstack-usage -MMD -MP -MF"Src/onewire.d" -MT"Src/onewire.o" --specs=nano.specs -mfloat-abi=soft -mthumb -o "Src/onewire.o"
../Src/onewire.c: In function 'OW_Send':
../Src/onewire.c:146:5: warning: implicit declaration of function 'memcpy' [-Wimplicit-function-declaration]
     memcpy(data,command,cLen);
     ^~~~~~
../Src/onewire.c:146:5: warning: incompatible implicit declaration of built-in function 'memcpy'
../Src/onewire.c:146:5: note: include '<string.h>' or provide a declaration of 'memcpy'
../Src/onewire.c: In function 'OW_Search2':
../Src/onewire.c:206:13: warning: unused variable 'cmd' [-Wunused-variable]
     uint8_t cmd;
             ^~~
../Src/onewire.c: In function 'OW_Send':
../Src/onewire.c:157:1: warning: control reaches end of non-void function [-Wreturn-type]
 }
 ^
arm-none-eabi-gcc -o "OLEDTest.elf" @"objects.list"   -mcpu=cortex-m3 -T"D:\Documents\Projects\STMDistillery\OLEDTest\STM32F103C8TX_FLASH.ld" --specs=nosys.specs -Wl,-Map="OLEDTest.map" -Wl,--gc-sections -static --specs=nano.specs -mfloat-abi=soft -mthumb -u _printf_float -Wl,--start-group -lc -lm -Wl,--end-group
Finished building target: OLEDTest.elf
 
arm-none-eabi-objdump -h -S  OLEDTest.elf  > "OLEDTest.list"
arm-none-eabi-objcopy  -O binary  OLEDTest.elf  "OLEDTest.bin"
arm-none-eabi-size   OLEDTest.elf 
   text	   data	    bss	    dec	    hex	filename
  50192	    500	   3284	  53976	   d2d8	OLEDTest.elf
Finished building: default.size.stdout
Finished building: OLEDTest.bin
 
 
Finished building: OLEDTest.list
 
16:39:47 **** Incremental Build of configuration Debug for project OLEDTest ****
make -j4 all 
arm-none-eabi-size   OLEDTest.elf 
   text	   data	    bss	    dec	    hex	filename
  50192	    500	   3284	  53976	   d2d8	OLEDTest.elf
Finished building: default.size.stdout
 
16:41:32 **** Incremental Build of configuration Debug for project OLEDTest ****
make -j4 all 
arm-none-eabi-size   OLEDTest.elf 
   text	   data	    bss	    dec	    hex	filename
  50192	    500	   3284	  53976	   d2d8	OLEDTest.elf
Finished building: default.size.stdout
 
16:43:27 **** Incremental Build of configuration Debug for project OLEDTest ****
make -j4 all 
arm-none-eabi-size   OLEDTest.elf 
   text	   data	    bss	    dec	    hex	filename
  50192	    500	   3284	  53976	   d2d8	OLEDTest.elf
Finished building: default.size.stdout
 
16:46:38 **** Incremental Build of configuration Debug for project OLEDTest ****
make -j4 all 
arm-none-eabi-gcc "../Src/onewire.c" -mcpu=cortex-m3 -std=gnu11 -g3 -DUSE_HAL_DRIVER -DSTM32F103xB -DDEBUG -c -I../Inc -I../Drivers/CMSIS/Device/ST/STM32F1xx/Include -I../Drivers/CMSIS/Include -I../Drivers/STM32F1xx_HAL_Driver/Inc/Legacy -I../Drivers/STM32F1xx_HAL_Driver/Inc -O0 -ffunction-sections -fdata-sections -Wall -fstack-usage -MMD -MP -MF"Src/onewire.d" -MT"Src/onewire.o" --specs=nano.specs -mfloat-abi=soft -mthumb -o "Src/onewire.o"
../Src/onewire.c:55:8: warning: return type defaults to 'int' [-Wimplicit-int]
 static SendReset(void){
        ^~~~~~~~~
../Src/onewire.c: In function 'OW_Send':
../Src/onewire.c:150:5: warning: implicit declaration of function 'memcpy' [-Wimplicit-function-declaration]
     memcpy(data,command,cLen);
     ^~~~~~
../Src/onewire.c:150:5: warning: incompatible implicit declaration of built-in function 'memcpy'
../Src/onewire.c:150:5: note: include '<string.h>' or provide a declaration of 'memcpy'
../Src/onewire.c: In function 'OW_Search2':
../Src/onewire.c:210:13: warning: unused variable 'cmd' [-Wunused-variable]
     uint8_t cmd;
             ^~~
../Src/onewire.c: In function 'SendReset':
../Src/onewire.c:69:1: warning: control reaches end of non-void function [-Wreturn-type]
 }
 ^
../Src/onewire.c: In function 'OW_Send':
../Src/onewire.c:161:1: warning: control reaches end of non-void function [-Wreturn-type]
 }
 ^
arm-none-eabi-gcc -o "OLEDTest.elf" @"objects.list"   -mcpu=cortex-m3 -T"D:\Documents\Projects\STMDistillery\OLEDTest\STM32F103C8TX_FLASH.ld" --specs=nosys.specs -Wl,-Map="OLEDTest.map" -Wl,--gc-sections -static --specs=nano.specs -mfloat-abi=soft -mthumb -u _printf_float -Wl,--start-group -lc -lm -Wl,--end-group
Finished building target: OLEDTest.elf
 
arm-none-eabi-objdump -h -S  OLEDTest.elf  > "OLEDTest.list"
arm-none-eabi-objcopy  -O binary  OLEDTest.elf  "OLEDTest.bin"
arm-none-eabi-size   OLEDTest.elf 
   text	   data	    bss	    dec	    hex	filename
  50224	    500	   3284	  54008	   d2f8	OLEDTest.elf
Finished building: default.size.stdout
 
Finished building: OLEDTest.bin
 
Finished building: OLEDTest.list
 
16:47:22 **** Incremental Build of configuration Debug for project OLEDTest ****
make -j4 all 
arm-none-eabi-size   OLEDTest.elf 
   text	   data	    bss	    dec	    hex	filename
  50224	    500	   3284	  54008	   d2f8	OLEDTest.elf
Finished building: default.size.stdout
 
16:53:37 **** Incremental Build of configuration Debug for project OLEDTest ****
make -j4 all 
arm-none-eabi-gcc "../Src/onewire.c" -mcpu=cortex-m3 -std=gnu11 -g3 -DUSE_HAL_DRIVER -DSTM32F103xB -DDEBUG -c -I../Inc -I../Drivers/CMSIS/Device/ST/STM32F1xx/Include -I../Drivers/CMSIS/Include -I../Drivers/STM32F1xx_HAL_Driver/Inc/Legacy -I../Drivers/STM32F1xx_HAL_Driver/Inc -O0 -ffunction-sections -fdata-sections -Wall -fstack-usage -MMD -MP -MF"Src/onewire.d" -MT"Src/onewire.o" --specs=nano.specs -mfloat-abi=soft -mthumb -o "Src/onewire.o"
../Src/onewire.c:55:8: warning: return type defaults to 'int' [-Wimplicit-int]
 static SendReset(void){
        ^~~~~~~~~
../Src/onewire.c: In function 'OW_Send':
../Src/onewire.c:153:5: warning: implicit declaration of function 'memcpy' [-Wimplicit-function-declaration]
     memcpy(data,command,cLen);
     ^~~~~~
../Src/onewire.c:153:5: warning: incompatible implicit declaration of built-in function 'memcpy'
../Src/onewire.c:153:5: note: include '<string.h>' or provide a declaration of 'memcpy'
../Src/onewire.c: In function 'OW_Search2':
../Src/onewire.c:213:13: warning: unused variable 'cmd' [-Wunused-variable]
     uint8_t cmd;
             ^~~
../Src/onewire.c: In function 'SendReset':
../Src/onewire.c:69:1: warning: control reaches end of non-void function [-Wreturn-type]
 }
 ^
../Src/onewire.c: In function 'OW_Send':
../Src/onewire.c:164:1: warning: control reaches end of non-void function [-Wreturn-type]
 }
 ^
arm-none-eabi-gcc -o "OLEDTest.elf" @"objects.list"   -mcpu=cortex-m3 -T"D:\Documents\Projects\STMDistillery\OLEDTest\STM32F103C8TX_FLASH.ld" --specs=nosys.specs -Wl,-Map="OLEDTest.map" -Wl,--gc-sections -static --specs=nano.specs -mfloat-abi=soft -mthumb -u _printf_float -Wl,--start-group -lc -lm -Wl,--end-group
Finished building target: OLEDTest.elf
 
arm-none-eabi-objdump -h -S  OLEDTest.elf  > "OLEDTest.list"
arm-none-eabi-objcopy  -O binary  OLEDTest.elf  "OLEDTest.bin"
arm-none-eabi-size   OLEDTest.elf 
   text	   data	    bss	    dec	    hex	filename
  50248	    500	   3284	  54032	   d310	OLEDTest.elf
Finished building: default.size.stdout
 
Finished building: OLEDTest.bin
 
Finished building: OLEDTest.list
 
16:55:46 **** Incremental Build of configuration Debug for project OLEDTest ****
make -j4 all 
arm-none-eabi-size   OLEDTest.elf 
   text	   data	    bss	    dec	    hex	filename
  50248	    500	   3284	  54032	   d310	OLEDTest.elf
Finished building: default.size.stdout
 
17:01:38 **** Incremental Build of configuration Debug for project OLEDTest ****
make -j4 all 
arm-none-eabi-gcc "../Src/ds18b20.c" -mcpu=cortex-m3 -std=gnu11 -g3 -DUSE_HAL_DRIVER -DSTM32F103xB -DDEBUG -c -I../Inc -I../Drivers/CMSIS/Device/ST/STM32F1xx/Include -I../Drivers/CMSIS/Include -I../Drivers/STM32F1xx_HAL_Driver/Inc/Legacy -I../Drivers/STM32F1xx_HAL_Driver/Inc -O0 -ffunction-sections -fdata-sections -Wall -fstack-usage -MMD -MP -MF"Src/ds18b20.d" -MT"Src/ds18b20.o" --specs=nano.specs -mfloat-abi=soft -mthumb -o "Src/ds18b20.o"
arm-none-eabi-gcc "../Src/main.c" -mcpu=cortex-m3 -std=gnu11 -g3 -DUSE_HAL_DRIVER -DSTM32F103xB -DDEBUG -c -I../Inc -I../Drivers/CMSIS/Device/ST/STM32F1xx/Include -I../Drivers/CMSIS/Include -I../Drivers/STM32F1xx_HAL_Driver/Inc/Legacy -I../Drivers/STM32F1xx_HAL_Driver/Inc -O0 -ffunction-sections -fdata-sections -Wall -fstack-usage -MMD -MP -MF"Src/main.d" -MT"Src/main.o" --specs=nano.specs -mfloat-abi=soft -mthumb -o "Src/main.o"
arm-none-eabi-gcc "../Src/stm32f1xx_hal_msp.c" -mcpu=cortex-m3 -std=gnu11 -g3 -DUSE_HAL_DRIVER -DSTM32F103xB -DDEBUG -c -I../Inc -I../Drivers/CMSIS/Device/ST/STM32F1xx/Include -I../Drivers/CMSIS/Include -I../Drivers/STM32F1xx_HAL_Driver/Inc/Legacy -I../Drivers/STM32F1xx_HAL_Driver/Inc -O0 -ffunction-sections -fdata-sections -Wall -fstack-usage -MMD -MP -MF"Src/stm32f1xx_hal_msp.d" -MT"Src/stm32f1xx_hal_msp.o" --specs=nano.specs -mfloat-abi=soft -mthumb -o "Src/stm32f1xx_hal_msp.o"
arm-none-eabi-gcc "../Src/stm32f1xx_it.c" -mcpu=cortex-m3 -std=gnu11 -g3 -DUSE_HAL_DRIVER -DSTM32F103xB -DDEBUG -c -I../Inc -I../Drivers/CMSIS/Device/ST/STM32F1xx/Include -I../Drivers/CMSIS/Include -I../Drivers/STM32F1xx_HAL_Driver/Inc/Legacy -I../Drivers/STM32F1xx_HAL_Driver/Inc -O0 -ffunction-sections -fdata-sections -Wall -fstack-usage -MMD -MP -MF"Src/stm32f1xx_it.d" -MT"Src/stm32f1xx_it.o" --specs=nano.specs -mfloat-abi=soft -mthumb -o "Src/stm32f1xx_it.o"
../Src/ds18b20.c: In function 'ds18b20_start_convert':
../Src/ds18b20.c:59:5: warning: implicit declaration of function 'OW_Send' [-Wimplicit-function-declaration]
     OW_Send(OW_SEND_RESET, send_buf, sizeof(send_buf));
     ^~~~~~~
../Src/main.c: In function 'main':
../Src/main.c:269:14: warning: pointer targets in passing argument 1 of 'sprintf' differ in signedness [-Wpointer-sign]
      sprintf(str1,"%4.2f ",ds18_sensors[0].temp);
              ^~~~
In file included from ../Inc/main.h:64:0,
                 from ../Src/main.c:22:
d:\programs\stm32cubeide_1.0.2\stm32cubeide\plugins\com.st.stm32cube.ide.mcu.externaltools.gnu-tools-for-stm32.7-2018-q2-update.win32_1.0.0.201904181610\tools\arm-none-eabi\include\stdio.h:244:5: note: expected 'char * restrict' but argument is of type 'uint8_t * {aka unsigned char *}'
 int sprintf (char *__restrict, const char *__restrict, ...)
     ^~~~~~~
../Src/main.c:271:20: warning: pointer targets in passing argument 1 of 'SSD1306_Puts' differ in signedness [-Wpointer-sign]
      SSD1306_Puts (str1, &Font_11x18, 1);
                    ^~~~
In file included from ../Src/main.c:27:0:
../Inc/ssd1306.h:151:6: note: expected 'char *' but argument is of type 'uint8_t * {aka unsigned char *}'
 char SSD1306_Puts(char* str, FontDef_t* Font, SSD1306_COLOR_t color);
      ^~~~~~~~~~~~
../Src/main.c:273:11: warning: pointer targets in passing argument 1 of 'sprintf' differ in signedness [-Wpointer-sign]
   sprintf(str1,"%4.2f ",ds18_sensors[1].temp);
           ^~~~
In file included from ../Inc/main.h:64:0,
                 from ../Src/main.c:22:
d:\programs\stm32cubeide_1.0.2\stm32cubeide\plugins\com.st.stm32cube.ide.mcu.externaltools.gnu-tools-for-stm32.7-2018-q2-update.win32_1.0.0.201904181610\tools\arm-none-eabi\include\stdio.h:244:5: note: expected 'char * restrict' but argument is of type 'uint8_t * {aka unsigned char *}'
 int sprintf (char *__restrict, const char *__restrict, ...)
     ^~~~~~~
../Src/main.c:275:17: warning: pointer targets in passing argument 1 of 'SSD1306_Puts' differ in signedness [-Wpointer-sign]
   SSD1306_Puts (str1, &Font_11x18, 1);
                 ^~~~
In file included from ../Src/main.c:27:0:
../Inc/ssd1306.h:151:6: note: expected 'char *' but argument is of type 'uint8_t * {aka unsigned char *}'
 char SSD1306_Puts(char* str, FontDef_t* Font, SSD1306_COLOR_t color);
      ^~~~~~~~~~~~
../Src/main.c:277:14: warning: pointer targets in passing argument 1 of 'sprintf' differ in signedness [-Wpointer-sign]
      sprintf(str1,"%4.2f ",ds18_sensors[2].temp);
              ^~~~
In file included from ../Inc/main.h:64:0,
                 from ../Src/main.c:22:
d:\programs\stm32cubeide_1.0.2\stm32cubeide\plugins\com.st.stm32cube.ide.mcu.externaltools.gnu-tools-for-stm32.7-2018-q2-update.win32_1.0.0.201904181610\tools\arm-none-eabi\include\stdio.h:244:5: note: expected 'char * restrict' but argument is of type 'uint8_t * {aka unsigned char *}'
 int sprintf (char *__restrict, const char *__restrict, ...)
     ^~~~~~~
../Src/main.c:279:17: warning: pointer targets in passing argument 1 of 'SSD1306_Puts' differ in signedness [-Wpointer-sign]
   SSD1306_Puts (str1, &Font_11x18, 1);
                 ^~~~
In file included from ../Src/main.c:27:0:
../Inc/ssd1306.h:151:6: note: expected 'char *' but argument is of type 'uint8_t * {aka unsigned char *}'
 char SSD1306_Puts(char* str, FontDef_t* Font, SSD1306_COLOR_t color);
      ^~~~~~~~~~~~
../Src/main.c:281:11: warning: pointer targets in passing argument 1 of 'sprintf' differ in signedness [-Wpointer-sign]
   sprintf(str1,"%4.2f ",ds18_sensors[3].temp);
           ^~~~
In file included from ../Inc/main.h:64:0,
                 from ../Src/main.c:22:
[...]
../Src/ds18b20.c: In function 'ds18b20_start_convert':
../Src/ds18b20.c:52:5: warning: implicit declaration of function 'OW_Send' [-Wimplicit-function-declaration]
   52 |     OW_Send(OW_SEND_RESET, send_buf, sizeof(send_buf));
      |     ^~~~~~~
arm-none-eabi-gcc "../Src/main.c" -mcpu=cortex-m3 -std=gnu11 -g3 -DUSE_HAL_DRIVER -DSTM32F103xB -DDEBUG -c -I../Inc -I../Drivers/CMSIS/Device/ST/STM32F1xx/Include -I../Drivers/CMSIS/Include -I../Drivers/STM32F1xx_HAL_Driver/Inc/Legacy -I../Drivers/STM32F1xx_HAL_Driver/Inc -O0 -ffunction-sections -fdata-sections -Wall -fstack-usage -MMD -MP -MF"Src/main.d" -MT"Src/main.o" --specs=nano.specs -mfloat-abi=soft -mthumb -o "Src/main.o"
arm-none-eabi-gcc "../Src/onewire.c" -mcpu=cortex-m3 -std=gnu11 -g3 -DUSE_HAL_DRIVER -DSTM32F103xB -DDEBUG -c -I../Inc -I../Drivers/CMSIS/Device/ST/STM32F1xx/Include -I../Drivers/CMSIS/Include -I../Drivers/STM32F1xx_HAL_Driver/Inc/Legacy -I../Drivers/STM32F1xx_HAL_Driver/Inc -O0 -ffunction-sections -fdata-sections -Wall -fstack-usage -MMD -MP -MF"Src/onewire.d" -MT"Src/onewire.o" --specs=nano.specs -mfloat-abi=soft -mthumb -o "Src/onewire.o"
arm-none-eabi-gcc "../Src/ssd1306.c" -mcpu=cortex-m3 -std=gnu11 -g3 -DUSE_HAL_DRIVER -DSTM32F103xB -DDEBUG -c -I../Inc -I../Drivers/CMSIS/Device/ST/STM32F1xx/Include -I../Drivers/CMSIS/Include -I../Drivers/STM32F1xx_HAL_Driver/Inc/Legacy -I../Drivers/STM32F1xx_HAL_Driver/Inc -O0 -ffunction-sections -fdata-sections -Wall -fstack-usage -MMD -MP -MF"Src/ssd1306.d" -MT"Src/ssd1306.o" --specs=nano.specs -mfloat-abi=soft -mthumb -o "Src/ssd1306.o"
arm-none-eabi-gcc "../Src/stm32f1xx_hal_msp.c" -mcpu=cortex-m3 -std=gnu11 -g3 -DUSE_HAL_DRIVER -DSTM32F103xB -DDEBUG -c -I../Inc -I../Drivers/CMSIS/Device/ST/STM32F1xx/Include -I../Drivers/CMSIS/Include -I../Drivers/STM32F1xx_HAL_Driver/Inc/Legacy -I../Drivers/STM32F1xx_HAL_Driver/Inc -O0 -ffunction-sections -fdata-sections -Wall -fstack-usage -MMD -MP -MF"Src/stm32f1xx_hal_msp.d" -MT"Src/stm32f1xx_hal_msp.o" --specs=nano.specs -mfloat-abi=soft -mthumb -o "Src/stm32f1xx_hal_msp.o"
../Src/onewire.c: In function 'OW_Send':
../Src/onewire.c:147:5: warning: implicit declaration of function 'memcpy' [-Wimplicit-function-declaration]
  147 |     memcpy(data,command,cLen);
      |     ^~~~~~
../Src/onewire.c:147:5: warning: incompatible implicit declaration of built-in function 'memcpy'
../Src/onewire.c:2:1: note: include '<string.h>' or provide a declaration of 'memcpy'
    1 | #include "onewire.h"
  +++ |+#include <string.h>
    2 | 
../Src/onewire.c: In function 'OW_Search2':
../Src/onewire.c:209:13: warning: unused variable 'cmd' [-Wunused-variable]
  209 |     uint8_t cmd;
      |             ^~~
../Src/onewire.c: In function 'OW_Send':
../Src/onewire.c:158:1: warning: control reaches end of non-void function [-Wreturn-type]
  158 | }
      | ^
../Src/onewire.c: In function '_OW_SwapByte':
../Src/onewire.c:334:1: warning: control reaches end of non-void function [-Wreturn-type]
  334 | };
      | ^
../Src/main.c: In function 'main':
../Src/main.c:308:12: warning: pointer targets in passing argument 1 of 'sprintf' differ in signedness [-Wpointer-sign]
  308 |    sprintf(str1,"%.2f'C %.2fmm    ",BME280_ReadTemperature(),BME280_ReadPressure()*0.000750061683f);
      |            ^~~~
      |            |
      |            uint8_t * {aka unsigned char *}
In file included from ../Inc/main.h:64,
                 from ../Src/main.c:22:
d:\programs\stm32cubeide_1.0.2\stm32cubeide\plugins\com.st.stm32cube.ide.mcu.externaltools.gnu-tools-for-stm32.9-2020-q2-update.win32_2.0.0.202105311346\tools\arm-none-eabi\include\stdio.h:244:14: note: expected 'char * restrict' but argument is of type 'uint8_t *' {aka 'unsigned char *'}
  244 | int sprintf (char *__restrict, const char *__restrict, ...)
      |              ^
../Src/main.c:310:18: warning: pointer targets in passing argument 1 of 'SSD1306_Puts' differ in signedness [-Wpointer-sign]
  310 |    SSD1306_Puts (str1, &Font_7x10, 1);
      |                  ^~~~
      |                  |
      |                  uint8_t * {aka unsigned char *}
In file included from ../Src/main.c:27:
../Inc/ssd1306.h:151:25: note: expected 'char *' but argument is of type 'uint8_t *' {aka 'unsigned char *'}
  151 | char SSD1306_Puts(char* str, FontDef_t* Font, SSD1306_COLOR_t color);
      |                   ~~~~~~^~~
../Src/main.c:311:12: warning: pointer targets in passing argument 1 of 'sprintf' differ in signedness [-Wpointer-sign]
  311 |    sprintf(str1,"%.1f%%     ",BME280_ReadHumidity());
      |            ^~~~
      |            |
      |            uint8_t * {aka unsigned char *}
In file included from ../Inc/main.h:64,
                 from ../Src/main.c:22:
d:\programs\stm32cubeide_1.0.2\stm32cubeide\plugins\com.st.stm32cube.ide.mcu.externaltools.gnu-tools-for-stm32.9-2020-q2-update.win32_2.0.0.202105311346\tools\arm-none-eabi\include\stdio.h:244:14: note: expected 'char * restrict' but argument is of type 'uint8_t *' {aka 'unsigned char *'}
  244 | int sprintf (char *__restrict, const char *__restrict, ...)
      |              ^
../Src/main.c:313:18: warning: pointer targets in passing argument 1 of 'SSD1306_Puts' differ in signedness [-Wpointer-sign]
  313 |    SSD1306_Puts (str1, &Font_7x10, 1);
      |                  ^~~~
      |                  |
      |                  uint8_t * {aka unsigned char *}
In file included from ../Src/main.c:27:
../Inc/ssd1306.h:151:25: note: expected 'char *' but argument is of type 'uint8_t *' {aka 'unsigned char *'}
  151 | char SSD1306_Puts(char* str, FontDef_t* Font, SSD1306_COLOR_t color);
      |                   ~~~~~~^~~
../Src/main.c:260:11: warning: unused variable 'buff' [-Wunused-variable]
  260 |   uint8_t buff[16];
      |           ^~~~
../Src/main.c:259:11: warning: unused variable 'n' [-Wunused-variable]
  259 |   uint8_t n=0;
      |           ^
arm-none-eabi-gcc "../Src/stm32f1xx_it.c" -mcpu=cortex-m3 -std=gnu11 -g3 -DUSE_HAL_DRIVER -DSTM32F103xB -DDEBUG -c -I../Inc -I../Drivers/CMSIS/Device/ST/STM32F1xx/Include -I../Drivers/CMSIS/Include -I../Drivers/STM32F1xx_HAL_Driver/Inc/Legacy -I../Drivers/STM32F1xx_HAL_Driver/Inc -O0 -ffunction-sections -fdata-sections -Wall -fstack-usage -MMD -MP -MF"Src/stm32f1xx_it.d" -MT"Src/stm32f1xx_it.o" --specs=nano.specs -mfloat-abi=soft -mthumb -o "Src/stm32f1xx_it.o"
arm-none-eabi-gcc "../Src/syscalls.c" -mcpu=cortex-m3 -std=gnu11 -g3 -DUSE_HAL_DRIVER -DSTM32F103xB -DDEBUG -c -I../Inc -I../Drivers/CMSIS/Device/ST/STM32F1xx/Include -I../Drivers/CMSIS/Include -I../Drivers/STM32F1xx_HAL_Driver/Inc/Legacy -I../Drivers/STM32F1xx_HAL_Driver/Inc -O0 -ffunction-sections -fdata-sections -Wall -fstack-usage -MMD -MP -MF"Src/syscalls.d" -MT"Src/syscalls.o" --specs=nano.specs -mfloat-abi=soft -mthumb -o "Src/syscalls.o"
arm-none-eabi-gcc "../Src/sysmem.c" -mcpu=cortex-m3 -std=gnu11 -g3 -DUSE_HAL_DRIVER -DSTM32F103xB -DDEBUG -c -I../Inc -I../Drivers/CMSIS/Device/ST/STM32F1xx/Include -I../Drivers/CMSIS/Include -I../Drivers/STM32F1xx_HAL_Driver/Inc/Legacy -I../Drivers/STM32F1xx_HAL_Driver/Inc -O0 -ffunction-sections -fdata-sections -Wall -fstack-usage -MMD -MP -MF"Src/sysmem.d" -MT"Src/sysmem.o" --specs=nano.specs -mfloat-abi=soft -mthumb -o "Src/sysmem.o"
arm-none-eabi-gcc "../Src/system_stm32f1xx.c" -mcpu=cortex-m3 -std=gnu11 -g3 -DUSE_HAL_DRIVER -DSTM32F103xB -DDEBUG -c -I../Inc -I../Drivers/CMSIS/Device/ST/STM32F1xx/Include -I../Drivers/CMSIS/Include -I../Drivers/STM32F1xx_HAL_Driver/Inc/Legacy -I../Drivers/STM32F1xx_HAL_Driver/Inc -O0 -ffunction-sections -fdata-sections -Wall -fstack-usage -MMD -MP -MF"Src/system_stm32f1xx.d" -MT"Src/system_stm32f1xx.o" --specs=nano.specs -mfloat-abi=soft -mthumb -o "Src/system_stm32f1xx.o"
arm-none-eabi-gcc "../Src/test.c" -mcpu=cortex-m3 -std=gnu11 -g3 -DUSE_HAL_DRIVER -DSTM32F103xB -DDEBUG -c -I../Inc -I../Drivers/CMSIS/Device/ST/STM32F1xx/Include -I../Drivers/CMSIS/Include -I../Drivers/STM32F1xx_HAL_Driver/Inc/Legacy -I../Drivers/STM32F1xx_HAL_Driver/Inc -O0 -ffunction-sections -fdata-sections -Wall -fstack-usage -MMD -MP -MF"Src/test.d" -MT"Src/test.o" --specs=nano.specs -mfloat-abi=soft -mthumb -o "Src/test.o"
arm-none-eabi-gcc "../Drivers/STM32F1xx_HAL_Driver/Src/stm32f1xx_hal.c" -mcpu=cortex-m3 -std=gnu11 -g3 -DUSE_HAL_DRIVER -DSTM32F103xB -DDEBUG -c -I../Inc -I../Drivers/CMSIS/Device/ST/STM32F1xx/Include -I../Drivers/CMSIS/Include -I../Drivers/STM32F1xx_HAL_Driver/Inc/Legacy -I../Drivers/STM32F1xx_HAL_Driver/Inc -O0 -ffunction-sections -fdata-sections -Wall -fstack-usage -MMD -MP -MF"Drivers/STM32F1xx_HAL_Driver/Src/stm32f1xx_hal.d" -MT"Drivers/STM32F1xx_HAL_Driver/Src/stm32f1xx_hal.o" --specs=nano.specs -mfloat-abi=soft -mthumb -o "Drivers/STM32F1xx_HAL_Driver/Src/stm32f1xx_hal.o"
arm-none-eabi-gcc "../Drivers/STM32F1xx_HAL_Driver/Src/stm32f1xx_hal_cortex.c" -mcpu=cortex-m3 -std=gnu11 -g3 -DUSE_HAL_DRIVER -DSTM32F103xB -DDEBUG -c -I../Inc -I../Drivers/CMSIS/Device/ST/STM32F1xx/Include -I../Drivers/CMSIS/Include -I../Drivers/STM32F1xx_HAL_Driver/Inc/Legacy -I../Drivers/STM32F1xx_HAL_Driver/Inc -O0 -ffunction-sections -fdata-sections -Wall -fstack-usage -MMD -MP -MF"Drivers/STM32F1xx_HAL_Driver/Src/stm32f1xx_hal_cortex.d" -MT"Drivers/STM32F1xx_HAL_Driver/Src/stm32f1xx_hal_cortex.o" --specs=nano.specs -mfloat-abi=soft -mthumb -o "Drivers/STM32F1xx_HAL_Driver/Src/stm32f1xx_hal_cortex.o"
arm-none-eabi-gcc "../Drivers/STM32F1xx_HAL_Driver/Src/stm32f1xx_hal_dma.c" -mcpu=cortex-m3 -std=gnu11 -g3 -DUSE_HAL_DRIVER -DSTM32F103xB -DDEBUG -c -I../Inc -I../Drivers/CMSIS/Device/ST/STM32F1xx/Include -I../Drivers/CMSIS/Include -I../Drivers/STM32F1xx_HAL_Driver/Inc/Legacy -I../Drivers/STM32F1xx_HAL_Driver/Inc -O0 -ffunction-sections -fdata-sections -Wall -fstack-usage -MMD -MP -MF"Drivers/STM32F1xx_HAL_Driver/Src/stm32f1xx_hal_dma.d" -MT"Drivers/STM32F1xx_HAL_Driver/Src/stm32f1xx_hal_dma.o" --specs=nano.specs -mfloat-abi=soft -mthumb -o "Drivers/STM32F1xx_HAL_Driver/Src/stm32f1xx_hal_dma.o"
arm-none-eabi-gcc "../Drivers/STM32F1xx_HAL_Driver/Src/stm32f1xx_hal_exti.c" -mcpu=cortex-m3 -std=gnu11 -g3 -DUSE_HAL_DRIVER -DSTM32F103xB -DDEBUG -c -I../Inc -I../Drivers/CMSIS/Device/ST/STM32F1xx/Include -I../Drivers/CMSIS/Include -I../Drivers/STM32F1xx_HAL_Driver/Inc/Legacy -I../Drivers/STM32F1xx_HAL_Driver/Inc -O0 -ffunction-sections -fdata-sections -Wall -fstack-usage -MMD -MP -MF"Drivers/STM32F1xx_HAL_Driver/Src/stm32f1xx_hal_exti.d" -MT"Drivers/STM32F1xx_HAL_Driver/Src/stm32f1xx_hal_exti.o" --specs=nano.specs -mfloat-abi=soft -mthumb -o "Drivers/STM32F1xx_HAL_Driver/Src/stm32f1xx_hal_exti.o"
arm-none-eabi-gcc "../Drivers/STM32F1xx_HAL_Driver/Src/stm32f1xx_hal_flash.c" -mcpu=cortex-m3 -std=gnu11 -g3 -DUSE_HAL_DRIVER -DSTM32F103xB -DDEBUG -c -I../Inc -I../Drivers/CMSIS/Device/ST/STM32F1xx/Include -I../Drivers/CMSIS/Include -I../Drivers/STM32F1xx_HAL_Driver/Inc/Legacy -I../Drivers/STM32F1xx_HAL_Driver/Inc -O0 -ffunction-sections -fdata-sections -Wall -fstack-usage -MMD -MP -MF"Drivers/STM32F1xx_HAL_Driver/Src/stm32f1xx_hal_flash.d" -MT"Drivers/STM32F1xx_HAL_Driver/Src/stm32f1xx_hal_flash.o" --specs=nano.specs -mfloat-abi=soft -mthumb -o "Drivers/STM32F1xx_HAL_Driver/Src/stm32f1xx_hal_flash.o"
arm-none-eabi-gcc "../Drivers/STM32F1xx_HAL_Driver/Src/stm32f1xx_hal_flash_ex.c" -mcpu=cortex-m3 -std=gnu11 -g3 -DUSE_HAL_DRIVER -DSTM32F103xB -DDEBUG -c -I../Inc -I../Drivers/CMSIS/Device/ST/STM32F1xx/Include -I../Drivers/CMSIS/Include -I../Drivers/STM32F1xx_HAL_Driver/Inc/Legacy -I../Drivers/STM32F1xx_HAL_Driver/Inc -O0 -ffunction-sections -fdata-sections -Wall -fstack-usage -MMD -MP -MF"Drivers/STM32F1xx_HAL_Driver/Src/stm32f1xx_hal_flash_ex.d" -MT"Drivers/STM32F1xx_HAL_Driver/Src/stm32f1xx_hal_flash_ex.o" --specs=nano.specs -mfloat-abi=soft -mthumb -o "Drivers/STM32F1xx_HAL_Driver/Src/stm32f1xx_hal_flash_ex.o"
arm-none-eabi-gcc "../Drivers/STM32F1xx_HAL_Driver/Src/stm32f1xx_hal_gpio.c" -mcpu=cortex-m3 -std=gnu11 -g3 -DUSE_HAL_DRIVER -DSTM32F103xB -DDEBUG -c -I../Inc -I../Drivers/CMSIS/Device/ST/STM32F1xx/Include -I../Drivers/CMSIS/Include -I../Drivers/STM32F1xx_HAL_Driver/Inc/Legacy -I../Drivers/STM32F1xx_HAL_Driver/Inc -O0 -ffunction-sections -fdata-sections -Wall -fstack-usage -MMD -MP -MF"Drivers/STM32F1xx_HAL_Driver/Src/stm32f1xx_hal_gpio.d" -MT"Drivers/STM32F1xx_HAL_Driver/Src/stm32f1xx_hal_gpio.o" --specs=nano.specs -mfloat-abi=soft -mthumb -o "Drivers/STM32F1xx_HAL_Driver/Src/stm32f1xx_hal_gpio.o"
arm-none-eabi-gcc "../Drivers/STM32F1xx_HAL_Driver/Src/stm32f1xx_hal_gpio_ex.c" -mcpu=cortex-m3 -std=gnu11 -g3 -DUSE_HAL_DRIVER -DSTM32F103xB -DDEBUG -c -I../Inc -I../Drivers/CMSIS/Device/ST/STM32F1xx/Include -I../Drivers/CMSIS/Include -I../Drivers/STM32F1xx_HAL_Driver/Inc/Legacy -I../Drivers/STM32F1xx_HAL_Driver/Inc -O0 -ffunction-sections -fdata-sections -Wall -fstack-usage -MMD -MP -MF"Drivers/STM32F1xx_HAL_Driver/Src/stm32f1xx_hal_gpio_ex.d" -MT"Drivers/STM32F1xx_HAL_Driver/Src/stm32f1xx_hal_gpio_ex.o" --specs=nano.specs -mfloat-abi=soft -mthumb -o "Drivers/STM32F1xx_HAL_Driver/Src/stm32f1xx_hal_gpio_ex.o"
arm-none-eabi-gcc "../Drivers/STM32F1xx_HAL_Driver/Src/stm32f1xx_hal_i2c.c" -mcpu=cortex-m3 -std=gnu11 -g3 -DUSE_HAL_DRIVER -DSTM32F103xB -DDEBUG -c -I../Inc -I../Drivers/CMSIS/Device/ST/STM32F1xx/Include -I../Drivers/CMSIS/Include -I../Drivers/STM32F1xx_HAL_Driver/Inc/Legacy -I../Drivers/STM32F1xx_HAL_Driver/Inc -O0 -ffunction-sections -fdata-sections -Wall -fstack-usage -MMD -MP -MF"Drivers/STM32F1xx_HAL_Driver/Src/stm32f1xx_hal_i2c.d" -MT"Drivers/STM32F1xx_HAL_Driver/Src/stm32f1xx_hal_i2c.o" --specs=nano.specs -mfloat-abi=soft -mthumb -o "Drivers/STM32F1xx_HAL_Driver/Src/stm32f1xx_hal_i2c.o"
arm-none-eabi-gcc "../Drivers/STM32F1xx_HAL_Driver/Src/stm32f1xx_hal_pwr.c" -mcpu=cortex-m3 -std=gnu11 -g3 -DUSE_HAL_DRIVER -DSTM32F103xB -DDEBUG -c -I../Inc -I../Drivers/CMSIS/Device/ST/STM32F1xx/Include -I../Drivers/CMSIS/Include -I../Drivers/STM32F1xx_HAL_Driver/Inc/Legacy -I../Drivers/STM32F1xx_HAL_Driver/Inc -O0 -ffunction-sections -fdata-sections -Wall -fstack-usage -MMD -MP -MF"Drivers/STM32F1xx_HAL_Driver/Src/stm32f1xx_hal_pwr.d" -MT"Drivers/STM32F1xx_HAL_Driver/Src/stm32f1xx_hal_pwr.o" --specs=nano.specs -mfloat-abi=soft -mthumb -o "Drivers/STM32F1xx_HAL_Driver/Src/stm32f1xx_hal_pwr.o"
arm-none-eabi-gcc "../Drivers/STM32F1xx_HAL_Driver/Src/stm32f1xx_hal_rcc.c" -mcpu=cortex-m3 -std=gnu11 -g3 -DUSE_HAL_DRIVER -DSTM32F103xB -DDEBUG -c -I../Inc -I../Drivers/CMSIS/Device/ST/STM32F1xx/Include -I../Drivers/CMSIS/Include -I../Drivers/STM32F1xx_HAL_Driver/Inc/Legacy -I../Drivers/STM32F1xx_HAL_Driver/Inc -O0 -ffunction-sections -fdata-sections -Wall -fstack-usage -MMD -MP -MF"Drivers/STM32F1xx_HAL_Driver/Src/stm32f1xx_hal_rcc.d" -MT"Drivers/STM32F1xx_HAL_Driver/Src/stm32f1xx_hal_rcc.o" --specs=nano.specs -mfloat-abi=soft -mthumb -o "Drivers/STM32F1xx_HAL_Driver/Src/stm32f1xx_hal_rcc.o"
arm-none-eabi-gcc "../Drivers/STM32F1xx_HAL_Driver/Src/stm32f1xx_hal_rcc_ex.c" -mcpu=cortex-m3 -std=gnu11 -g3 -DUSE_HAL_DRIVER -DSTM32F103xB -DDEBUG -c -I../Inc -I../Drivers/CMSIS/Device/ST/STM32F1xx/Include -I../Drivers/CMSIS/Include -I../Drivers/STM32F1xx_HAL_Driver/Inc/Legacy -I../Drivers/STM32F1xx_HAL_Driver/Inc -O0 -ffunction-sections -fdata-sections -Wall -fstack-usage -MMD -MP -MF"Drivers/STM32F1xx_HAL_Driver/Src/stm32f1xx_hal_rcc_ex.d" -MT"Drivers/STM32F1xx_HAL_Driver/Src/stm32f1xx_hal_rcc_ex.o" --specs=nano.specs -mfloat-abi=soft -mthumb -o "Drivers/STM32F1xx_HAL_Driver/Src/stm32f1xx_hal_rcc_ex.o"
arm-none-eabi-gcc "../Drivers/STM32F1xx_HAL_Driver/Src/stm32f1xx_hal_spi.c" -mcpu=cortex-m3 -std=gnu11 -g3 -DUSE_HAL_DRIVER -DSTM32F103xB -DDEBUG -c -I../Inc -I../Drivers/CMSIS/Device/ST/STM32F1xx/Include -I../Drivers/CMSIS/Include -I../Drivers/STM32F1xx_HAL_Driver/Inc/Legacy -I../Drivers/STM32F1xx_HAL_Driver/Inc -O0 -ffunction-sections -fdata-sections -Wall -fstack-usage -MMD -MP -MF"Drivers/STM32F1xx_HAL_Driver/Src/stm32f1xx_hal_spi.d" -MT"Drivers/STM32F1xx_HAL_Driver/Src/stm32f1xx_hal_spi.o" --specs=nano.specs -mfloat-abi=soft -mthumb -o "Drivers/STM32F1xx_HAL_Driver/Src/stm32f1xx_hal_spi.o"
arm-none-eabi-gcc "../Drivers/STM32F1xx_HAL_Driver/Src/stm32f1xx_hal_tim.c" -mcpu=cortex-m3 -std=gnu11 -g3 -DUSE_HAL_DRIVER -DSTM32F103xB -DDEBUG -c -I../Inc -I../Drivers/CMSIS/Device/ST/STM32F1xx/Include -I../Drivers/CMSIS/Include -I../Drivers/STM32F1xx_HAL_Driver/Inc/Legacy -I../Drivers/STM32F1xx_HAL_Driver/Inc -O0 -ffunction-sections -fdata-sections -Wall -fstack-usage -MMD -MP -MF"Drivers/STM32F1xx_HAL_Driver/Src/stm32f1xx_hal_tim.d" -MT"Drivers/STM32F1xx_HAL_Driver/Src/stm32f1xx_hal_tim.o" --specs=nano.specs -mfloat-abi=soft -mthumb -o "Drivers/STM32F1xx_HAL_Driver/Src/stm32f1xx_hal_tim.o"
arm-none-eabi-gcc "../Drivers/STM32F1xx_HAL_Driver/Src/stm32f1xx_hal_tim_ex.c" -mcpu=cortex-m3 -std=gnu11 -g3 -DUSE_HAL_DRIVER -DSTM32F103xB -DDEBUG -c -I../Inc -I../Drivers/CMSIS/Device/ST/STM32F1xx/Include -I../Drivers/CMSIS/Include -I../Drivers/STM32F1xx_HAL_Driver/Inc/Legacy -I../Drivers/STM32F1xx_HAL_Driver/Inc -O0 -ffunction-sections -fdata-sections -Wall -fstack-usage -MMD -MP -MF"Drivers/STM32F1xx_HAL_Driver/Src/stm32f1xx_hal_tim_ex.d" -MT"Drivers/STM32F1xx_HAL_Driver/Src/stm32f1xx_hal_tim_ex.o" --specs=nano.specs -mfloat-abi=soft -mthumb -o "Drivers/STM32F1xx_HAL_Driver/Src/stm32f1xx_hal_tim_ex.o"
arm-none-eabi-gcc "../Drivers/STM32F1xx_HAL_Driver/Src/stm32f1xx_hal_uart.c" -mcpu=cortex-m3 -std=gnu11 -g3 -DUSE_HAL_DRIVER -DSTM32F103xB -DDEBUG -c -I../Inc -I../Drivers/CMSIS/Device/ST/STM32F1xx/Include -I../Drivers/CMSIS/Include -I../Drivers/STM32F1xx_HAL_Driver/Inc/Legacy -I../Drivers/STM32F1xx_HAL_Driver/Inc -O0 -ffunction-sections -fdata-sections -Wall -fstack-usage -MMD -MP -MF"Drivers/STM32F1xx_HAL_Driver/Src/stm32f1xx_hal_uart.d" -MT"Drivers/STM32F1xx_HAL_Driver/Src/stm32f1xx_hal_uart.o" --specs=nano.specs -mfloat-abi=soft -mthumb -o "Drivers/STM32F1xx_HAL_Driver/Src/stm32f1xx_hal_uart.o"
arm-none-eabi-gcc -o "OLEDTest.elf" @"objects.list"   -mcpu=cortex-m3 -T"D:\Documents\Projects\STMDistillery\OLEDTest\STM32F103C8TX_FLASH.ld" --specs=nosys.specs -Wl,-Map="OLEDTest.map" -Wl,--gc-sections -static --specs=nano.specs -mfloat-abi=soft -mthumb -u _printf_float -Wl,--start-group -lc -lm -Wl,--end-group
Finished building target: OLEDTest.elf
 
arm-none-eabi-size   OLEDTest.elf 
arm-none-eabi-objdump -h -S  OLEDTest.elf  > "OLEDTest.list"
arm-none-eabi-objcopy  -O binary  OLEDTest.elf  "OLEDTest.bin"
   text	   data	    bss	    dec	    hex	filename
  49264	    500	   3300	  53064	   cf48	OLEDTest.elf
Finished building: default.size.stdout
 
Finished building: OLEDTest.bin
 
Finished building: OLEDTest.list
 
16:22:01 **** Incremental Build of configuration Debug for project OLEDTest ****
make -j4 all 
arm-none-eabi-size   OLEDTest.elf 
   text	   data	    bss	    dec	    hex	filename
  49264	    500	   3300	  53064	   cf48	OLEDTest.elf
Finished building: default.size.stdout
 
16:24:21 **** Incremental Build of configuration Debug for project OLEDTest ****
make -j4 all 
arm-none-eabi-size   OLEDTest.elf 
   text	   data	    bss	    dec	    hex	filename
  49264	    500	   3300	  53064	   cf48	OLEDTest.elf
Finished building: default.size.stdout
 
16:39:31 **** Incremental Build of configuration Debug for project OLEDTest ****
make -j4 all 
arm-none-eabi-size   OLEDTest.elf 
   text	   data	    bss	    dec	    hex	filename
  49264	    500	   3300	  53064	   cf48	OLEDTest.elf
Finished building: default.size.stdout
 
16:39:32 **** Incremental Build of configuration Debug for project OLEDTest ****
make -j4 all 
arm-none-eabi-size   OLEDTest.elf 
   text	   data	    bss	    dec	    hex	filename
  49264	    500	   3300	  53064	   cf48	OLEDTest.elf
Finished building: default.size.stdout
 
